Component: ARM Compiler 5.06 update 7 (build 960) Tool: armlink [4d3601]

==============================================================================

Section Cross References

    startup_stm32l432xx.o(STACK) refers (Special) to heapauxi.o(.text) for __use_two_region_memory
    startup_stm32l432xx.o(HEAP) refers (Special) to heapauxi.o(.text) for __use_two_region_memory
    startup_stm32l432xx.o(RESET) refers (Special) to heapauxi.o(.text) for __use_two_region_memory
    startup_stm32l432xx.o(RESET) refers to startup_stm32l432xx.o(STACK) for __initial_sp
    startup_stm32l432xx.o(RESET) refers to startup_stm32l432xx.o(.text) for Reset_Handler
    startup_stm32l432xx.o(RESET) refers to stm32l4xx_it.o(i.NMI_Handler) for NMI_Handler
    startup_stm32l432xx.o(RESET) refers to stm32l4xx_it.o(i.HardFault_Handler) for HardFault_Handler
    startup_stm32l432xx.o(RESET) refers to stm32l4xx_it.o(i.MemManage_Handler) for MemManage_Handler
    startup_stm32l432xx.o(RESET) refers to stm32l4xx_it.o(i.BusFault_Handler) for BusFault_Handler
    startup_stm32l432xx.o(RESET) refers to stm32l4xx_it.o(i.UsageFault_Handler) for UsageFault_Handler
    startup_stm32l432xx.o(RESET) refers to stm32l4xx_it.o(i.SVC_Handler) for SVC_Handler
    startup_stm32l432xx.o(RESET) refers to stm32l4xx_it.o(i.DebugMon_Handler) for DebugMon_Handler
    startup_stm32l432xx.o(RESET) refers to stm32l4xx_it.o(i.PendSV_Handler) for PendSV_Handler
    startup_stm32l432xx.o(RESET) refers to stm32l4xx_it.o(i.SysTick_Handler) for SysTick_Handler
    startup_stm32l432xx.o(RESET) refers to stm32l4xx_it.o(i.ADC1_IRQHandler) for ADC1_IRQHandler
    startup_stm32l432xx.o(RESET) refers to stm32l4xx_it.o(i.TIM2_IRQHandler) for TIM2_IRQHandler
    startup_stm32l432xx.o(RESET) refers to stm32l4xx_it.o(i.USART1_IRQHandler) for USART1_IRQHandler
    startup_stm32l432xx.o(RESET) refers to stm32l4xx_it.o(i.USART2_IRQHandler) for USART2_IRQHandler
    startup_stm32l432xx.o(.text) refers (Special) to heapauxi.o(.text) for __use_two_region_memory
    startup_stm32l432xx.o(.text) refers to system_stm32l4xx.o(i.SystemInit) for SystemInit
    startup_stm32l432xx.o(.text) refers to __main.o(!!!main) for __main
    startup_stm32l432xx.o(.text) refers to startup_stm32l432xx.o(HEAP) for Heap_Mem
    startup_stm32l432xx.o(.text) refers to startup_stm32l432xx.o(STACK) for Stack_Mem
    main.o(i.HAL_ADC_ConvCpltCallback) refers to _printf_percent.o(.ARM.Collect$$_printf_percent$$00000000) for _printf_percent
    main.o(i.HAL_ADC_ConvCpltCallback) refers to _printf_f.o(.ARM.Collect$$_printf_percent$$00000003) for _printf_f
    main.o(i.HAL_ADC_ConvCpltCallback) refers to printf1.o(x$fpl$printf1) for _printf_fp_dec
    main.o(i.HAL_ADC_ConvCpltCallback) refers to stm32l4xx_hal_adc.o(i.HAL_ADC_GetValue) for HAL_ADC_GetValue
    main.o(i.HAL_ADC_ConvCpltCallback) refers to f2d.o(x$fpl$f2d) for __aeabi_f2d
    main.o(i.HAL_ADC_ConvCpltCallback) refers to noretval__2sprintf.o(.text) for __2sprintf
    main.o(i.HAL_ADC_ConvCpltCallback) refers to stm32l4xx_hal_uart.o(i.HAL_UART_Transmit) for HAL_UART_Transmit
    main.o(i.HAL_ADC_ConvCpltCallback) refers to main.o(.bss) for .bss
    main.o(i.HAL_ADC_ConvCpltCallback) refers to main.o(.data) for .data
    main.o(i.HAL_UART_RxCpltCallback) refers to stm32l4xx_hal_uart.o(i.HAL_UART_Receive_IT) for HAL_UART_Receive_IT
    main.o(i.HAL_UART_RxCpltCallback) refers to main.o(.bss) for .bss
    main.o(i.HAL_UART_RxCpltCallback) refers to main.o(.data) for .data
    main.o(i.MX_ADC1_Init) refers to rt_memclr_w.o(.text) for __aeabi_memclr4
    main.o(i.MX_ADC1_Init) refers to stm32l4xx_hal_adc.o(i.HAL_ADC_Init) for HAL_ADC_Init
    main.o(i.MX_ADC1_Init) refers to stm32l4xx_hal_adc.o(i.HAL_ADC_ConfigChannel) for HAL_ADC_ConfigChannel
    main.o(i.MX_ADC1_Init) refers to main.o(.bss) for .bss
    main.o(i.MX_GPIO_Init) refers to rt_memclr_w.o(.text) for __aeabi_memclr4
    main.o(i.MX_GPIO_Init) refers to stm32l4xx_hal_gpio.o(i.HAL_GPIO_WritePin) for HAL_GPIO_WritePin
    main.o(i.MX_GPIO_Init) refers to stm32l4xx_hal_gpio.o(i.HAL_GPIO_Init) for HAL_GPIO_Init
    main.o(i.MX_TIM1_Init) refers to stm32l4xx_hal_tim.o(i.HAL_TIM_Base_Init) for HAL_TIM_Base_Init
    main.o(i.MX_TIM1_Init) refers to stm32l4xx_hal_tim.o(i.HAL_TIM_ConfigClockSource) for HAL_TIM_ConfigClockSource
    main.o(i.MX_TIM1_Init) refers to stm32l4xx_hal_tim_ex.o(i.HAL_TIMEx_MasterConfigSynchronization) for HAL_TIMEx_MasterConfigSynchronization
    main.o(i.MX_TIM1_Init) refers to main.o(.bss) for .bss
    main.o(i.MX_TIM2_Init) refers to rt_memclr_w.o(.text) for __aeabi_memclr4
    main.o(i.MX_TIM2_Init) refers to stm32l4xx_hal_tim.o(i.HAL_TIM_Base_Init) for HAL_TIM_Base_Init
    main.o(i.MX_TIM2_Init) refers to stm32l4xx_hal_tim.o(i.HAL_TIM_ConfigClockSource) for HAL_TIM_ConfigClockSource
    main.o(i.MX_TIM2_Init) refers to stm32l4xx_hal_tim.o(i.HAL_TIM_PWM_Init) for HAL_TIM_PWM_Init
[...]
    .ARM.Collect$$rtentry$$00000004          0x08000226   Section        6  __rtentry4.o(.ARM.Collect$$rtentry$$00000004)
    .ARM.Collect$$rtentry$$00000009          0x0800022c   Section        0  __rtentry2.o(.ARM.Collect$$rtentry$$00000009)
    .ARM.Collect$$rtentry$$0000000A          0x0800022c   Section        4  __rtentry2.o(.ARM.Collect$$rtentry$$0000000A)
    .ARM.Collect$$rtentry$$0000000C          0x08000230   Section        0  __rtentry2.o(.ARM.Collect$$rtentry$$0000000C)
    .ARM.Collect$$rtentry$$0000000D          0x08000230   Section        8  __rtentry2.o(.ARM.Collect$$rtentry$$0000000D)
    .ARM.Collect$$rtexit$$00000000           0x08000238   Section        2  rtexit.o(.ARM.Collect$$rtexit$$00000000)
    .ARM.Collect$$rtexit$$00000002           0x0800023a   Section        0  rtexit2.o(.ARM.Collect$$rtexit$$00000002)
    .ARM.Collect$$rtexit$$00000003           0x0800023a   Section        4  rtexit2.o(.ARM.Collect$$rtexit$$00000003)
    .ARM.Collect$$rtexit$$00000004           0x0800023e   Section        6  rtexit2.o(.ARM.Collect$$rtexit$$00000004)
    .text                                    0x08000244   Section       64  startup_stm32l432xx.o(.text)
    $v0                                      0x08000244   Number         0  startup_stm32l432xx.o(.text)
    .text                                    0x08000284   Section      238  lludivv7m.o(.text)
    .text                                    0x08000374   Section        0  noretval__2sprintf.o(.text)
    .text                                    0x0800039c   Section        0  __printf_flags_wp.o(.text)
    .text                                    0x080004da   Section       78  rt_memclr_w.o(.text)
    .text                                    0x08000528   Section        0  heapauxi.o(.text)
    .text                                    0x0800052e   Section        0  _printf_fp_dec.o(.text)
    _fp_digits                               0x08000531   Thumb Code   432  _printf_fp_dec.o(.text)
    .text                                    0x08000954   Section        0  _printf_char_common.o(.text)
    _printf_input_char                       0x08000955   Thumb Code    10  _printf_char_common.o(.text)
    .text                                    0x08000984   Section        0  _sputc.o(.text)
    .text                                    0x08000990   Section        8  rt_locale_intlibspace.o(.text)
    .text                                    0x08000998   Section      138  lludiv10.o(.text)
    .text                                    0x08000a24   Section        0  _printf_fp_infnan.o(.text)
    .text                                    0x08000aa4   Section        0  bigflt0.o(.text)
    .text                                    0x08000b88   Section        8  libspace.o(.text)
    .text                                    0x08000b90   Section       74  sys_stackheap_outer.o(.text)
    .text                                    0x08000bda   Section        0  exit.o(.text)
    .text                                    0x08000bec   Section      128  strcmpv7m.o(.text)
    .text                                    0x08000c6c   Section        0  sys_exit.o(.text)
    .text                                    0x08000c78   Section        2  use_no_semi.o(.text)
    .text                                    0x08000c7a   Section        0  indicate_semi.o(.text)
    CL$$btod_d2e                             0x08000c7a   Section       62  btod.o(CL$$btod_d2e)
    CL$$btod_d2e_denorm_low                  0x08000cb8   Section       70  btod.o(CL$$btod_d2e_denorm_low)
    CL$$btod_d2e_norm_op1                    0x08000cfe   Section       96  btod.o(CL$$btod_d2e_norm_op1)
    CL$$btod_div_common                      0x08000d5e   Section      824  btod.o(CL$$btod_div_common)
    CL$$btod_e2e                             0x08001096   Section      220  btod.o(CL$$btod_e2e)
    CL$$btod_ediv                            0x08001172   Section       42  btod.o(CL$$btod_ediv)
    CL$$btod_emul                            0x0800119c   Section       42  btod.o(CL$$btod_emul)
    CL$$btod_mult_common                     0x080011c6   Section      580  btod.o(CL$$btod_mult_common)
    i.ADC1_IRQHandler                        0x0800140c   Section        0  stm32l4xx_it.o(i.ADC1_IRQHandler)
    i.ADC_Disable                            0x08001418   Section        0  stm32l4xx_hal_adc.o(i.ADC_Disable)
    i.ADC_Enable                             0x08001488   Section        0  stm32l4xx_hal_adc.o(i.ADC_Enable)
    i.BusFault_Handler                       0x08001534   Section        0  stm32l4xx_it.o(i.BusFault_Handler)
    i.DebugMon_Handler                       0x08001536   Section        0  stm32l4xx_it.o(i.DebugMon_Handler)
    i.Error_Handler                          0x08001538   Section        0  main.o(i.Error_Handler)
    i.HAL_ADCEx_Calibration_Start            0x0800153c   Section        0  stm32l4xx_hal_adc_ex.o(i.HAL_ADCEx_Calibration_Start)
    i.HAL_ADCEx_EndOfSamplingCallback        0x080015cc   Section        0  stm32l4xx_hal_adc_ex.o(i.HAL_ADCEx_EndOfSamplingCallback)
    i.HAL_ADCEx_InjectedConvCpltCallback     0x080015ce   Section        0  stm32l4xx_hal_adc_ex.o(i.HAL_ADCEx_InjectedConvCpltCallback)
    i.HAL_ADCEx_InjectedQueueOverflowCallback 0x080015d0   Section        0  stm32l4xx_hal_adc_ex.o(i.HAL_ADCEx_InjectedQueueOverflowCallback)
    i.HAL_ADCEx_LevelOutOfWindow2Callback    0x080015d2   Section        0  stm32l4xx_hal_adc_ex.o(i.HAL_ADCEx_LevelOutOfWindow2Callback)
    i.HAL_ADCEx_LevelOutOfWindow3Callback    0x080015d4   Section        0  stm32l4xx_hal_adc_ex.o(i.HAL_ADCEx_LevelOutOfWindow3Callback)
    i.HAL_ADC_ConfigChannel                  0x080015d8   Section        0  stm32l4xx_hal_adc.o(i.HAL_ADC_ConfigChannel)
    i.HAL_ADC_ConvCpltCallback               0x080019cc   Section        0  main.o(i.HAL_ADC_ConvCpltCallback)
    i.HAL_ADC_ErrorCallback                  0x08001a48   Section        0  stm32l4xx_hal_adc.o(i.HAL_ADC_ErrorCallback)
    i.HAL_ADC_GetValue                       0x08001a4a   Section        0  stm32l4xx_hal_adc.o(i.HAL_ADC_GetValue)
    i.HAL_ADC_IRQHandler                     0x08001a50   Section        0  stm32l4xx_hal_adc.o(i.HAL_ADC_IRQHandler)
    i.HAL_ADC_Init                           0x08001c54   Section        0  stm32l4xx_hal_adc.o(i.HAL_ADC_Init)
    i.HAL_ADC_LevelOutOfWindowCallback       0x08001e04   Section        0  stm32l4xx_hal_adc.o(i.HAL_ADC_LevelOutOfWindowCallback)
    i.HAL_ADC_MspInit                        0x08001e08   Section        0  stm32l4xx_hal_msp.o(i.HAL_ADC_MspInit)
    i.HAL_ADC_Start_IT                       0x08001ea8   Section        0  stm32l4xx_hal_adc.o(i.HAL_ADC_Start_IT)
    i.HAL_DMA_Abort                          0x08001f88   Section        0  stm32l4xx_hal_dma.o(i.HAL_DMA_Abort)
    i.HAL_DMA_Abort_IT                       0x08001fd2   Section        0  stm32l4xx_hal_dma.o(i.HAL_DMA_Abort_IT)
    i.HAL_Delay                              0x08002020   Section        0  stm32l4xx_hal.o(i.HAL_Delay)
    i.HAL_GPIO_Init                          0x08002044   Section        0  stm32l4xx_hal_gpio.o(i.HAL_GPIO_Init)
    i.HAL_GPIO_WritePin                      0x08002246   Section        0  stm32l4xx_hal_gpio.o(i.HAL_GPIO_WritePin)
    i.HAL_GetTick                            0x08002250   Section        0  stm32l4xx_hal.o(i.HAL_GetTick)
    i.HAL_IncTick                            0x0800225c   Section        0  stm32l4xx_hal.o(i.HAL_IncTick)
    i.HAL_Init                               0x0800226c   Section        0  stm32l4xx_hal.o(i.HAL_Init)
    i.HAL_InitTick                           0x0800228c   Section        0  stm32l4xx_hal.o(i.HAL_InitTick)
    i.HAL_MspInit                            0x080022d0   Section        0  stm32l4xx_hal_msp.o(i.HAL_MspInit)
    i.HAL_NVIC_EnableIRQ                     0x080022fc   Section        0  stm32l4xx_hal_cortex.o(i.HAL_NVIC_EnableIRQ)
    i.HAL_NVIC_SetPriority                   0x08002318   Section        0  stm32l4xx_hal_cortex.o(i.HAL_NVIC_SetPriority)
    i.HAL_NVIC_SetPriorityGrouping           0x08002358   Section        0  stm32l4xx_hal_cortex.o(i.HAL_NVIC_SetPriorityGrouping)
    i.HAL_PWREx_ControlVoltageScaling        0x0800237c   Section        0  stm32l4xx_hal_pwr_ex.o(i.HAL_PWREx_ControlVoltageScaling)
    i.HAL_PWREx_GetVoltageRange              0x080023e4   Section        0  stm32l4xx_hal_pwr_ex.o(i.HAL_PWREx_GetVoltageRange)
    i.HAL_PWR_EnableBkUpAccess               0x080023f4   Section        0  stm32l4xx_hal_pwr.o(i.HAL_PWR_EnableBkUpAccess)
    i.HAL_RCCEx_EnableMSIPLLMode             0x08002404   Section        0  stm32l4xx_hal_rcc_ex.o(i.HAL_RCCEx_EnableMSIPLLMode)
    i.HAL_RCCEx_PeriphCLKConfig              0x08002414   Section        0  stm32l4xx_hal_rcc_ex.o(i.HAL_RCCEx_PeriphCLKConfig)
    i.HAL_RCC_ClockConfig                    0x080026a0   Section        0  stm32l4xx_hal_rcc.o(i.HAL_RCC_ClockConfig)
    i.HAL_RCC_GetPCLK1Freq                   0x080027e4   Section        0  stm32l4xx_hal_rcc.o(i.HAL_RCC_GetPCLK1Freq)
    i.HAL_RCC_GetPCLK2Freq                   0x08002808   Section        0  stm32l4xx_hal_rcc.o(i.HAL_RCC_GetPCLK2Freq)
    i.HAL_RCC_GetSysClockFreq                0x0800282c   Section        0  stm32l4xx_hal_rcc.o(i.HAL_RCC_GetSysClockFreq)
    i.HAL_RCC_OscConfig                      0x080028d0   Section        0  stm32l4xx_hal_rcc.o(i.HAL_RCC_OscConfig)
    i.HAL_SYSTICK_Config                     0x08002e30   Section        0  stm32l4xx_hal_cortex.o(i.HAL_SYSTICK_Config)
    i.HAL_TIMEx_Break2Callback               0x08002e58   Section        0  stm32l4xx_hal_tim_ex.o(i.HAL_TIMEx_Break2Callback)
    i.HAL_TIMEx_BreakCallback                0x08002e5a   Section        0  stm32l4xx_hal_tim_ex.o(i.HAL_TIMEx_BreakCallback)
    i.HAL_TIMEx_CommutCallback               0x08002e5c   Section        0  stm32l4xx_hal_tim_ex.o(i.HAL_TIMEx_CommutCallback)
    i.HAL_TIMEx_MasterConfigSynchronization  0x08002e60   Section        0  stm32l4xx_hal_tim_ex.o(i.HAL_TIMEx_MasterConfigSynchronization)
    i.HAL_TIM_Base_Init                      0x08002ecc   Section        0  stm32l4xx_hal_tim.o(i.HAL_TIM_Base_Init)
    i.HAL_TIM_Base_MspInit                   0x08002f30   Section        0  stm32l4xx_hal_msp.o(i.HAL_TIM_Base_MspInit)
    i.HAL_TIM_Base_Start                     0x08002f80   Section        0  stm32l4xx_hal_tim.o(i.HAL_TIM_Base_Start)
    i.HAL_TIM_ConfigClockSource              0x08002fd0   Section        0  stm32l4xx_hal_tim.o(i.HAL_TIM_ConfigClockSource)
    i.HAL_TIM_IC_CaptureCallback             0x080030b0   Section        0  stm32l4xx_hal_tim.o(i.HAL_TIM_IC_CaptureCallback)
    i.HAL_TIM_IRQHandler                     0x080030b2   Section        0  stm32l4xx_hal_tim.o(i.HAL_TIM_IRQHandler)
    i.HAL_TIM_MspPostInit                    0x08003238   Section        0  stm32l4xx_hal_msp.o(i.HAL_TIM_MspPostInit)
    i.HAL_TIM_OC_DelayElapsedCallback        0x08003284   Section        0  stm32l4xx_hal_tim.o(i.HAL_TIM_OC_DelayElapsedCallback)
    i.HAL_TIM_PWM_ConfigChannel              0x08003286   Section        0  stm32l4xx_hal_tim.o(i.HAL_TIM_PWM_ConfigChannel)
    i.HAL_TIM_PWM_Init                       0x080033aa   Section        0  stm32l4xx_hal_tim.o(i.HAL_TIM_PWM_Init)
    i.HAL_TIM_PWM_MspInit                    0x0800340c   Section        0  stm32l4xx_hal_tim.o(i.HAL_TIM_PWM_MspInit)
    i.HAL_TIM_PWM_PulseFinishedCallback      0x0800340e   Section        0  stm32l4xx_hal_tim.o(i.HAL_TIM_PWM_PulseFinishedCallback)
    i.HAL_TIM_PWM_Start                      0x08003410   Section        0  stm32l4xx_hal_tim.o(i.HAL_TIM_PWM_Start)
    i.HAL_TIM_PeriodElapsedCallback          0x080034e0   Section        0  stm32l4xx_hal_tim.o(i.HAL_TIM_PeriodElapsedCallback)
    i.HAL_TIM_TriggerCallback                0x080034e2   Section        0  stm32l4xx_hal_tim.o(i.HAL_TIM_TriggerCallback)
    i.HAL_UARTEx_RxEventCallback             0x080034e4   Section        0  stm32l4xx_hal_uart.o(i.HAL_UARTEx_RxEventCallback)
    i.HAL_UARTEx_WakeupCallback              0x080034e6   Section        0  stm32l4xx_hal_uart_ex.o(i.HAL_UARTEx_WakeupCallback)
    i.HAL_UART_ErrorCallback                 0x080034e8   Section        0  stm32l4xx_hal_uart.o(i.HAL_UART_ErrorCallback)
    i.HAL_UART_IRQHandler                    0x080034ec   Section        0  stm32l4xx_hal_uart.o(i.HAL_UART_IRQHandler)
    i.HAL_UART_Init                          0x08003780   Section        0  stm32l4xx_hal_uart.o(i.HAL_UART_Init)
    i.HAL_UART_MspInit                       0x080037e8   Section        0  stm32l4xx_hal_msp.o(i.HAL_UART_MspInit)
    i.HAL_UART_Receive_IT                    0x080038f4   Section        0  stm32l4xx_hal_uart.o(i.HAL_UART_Receive_IT)
    i.HAL_UART_RxCpltCallback                0x08003948   Section        0  main.o(i.HAL_UART_RxCpltCallback)
    i.HAL_UART_Transmit                      0x08003984   Section        0  stm32l4xx_hal_uart.o(i.HAL_UART_Transmit)
    i.HAL_UART_TxCpltCallback                0x08003a3a   Section        0  stm32l4xx_hal_uart.o(i.HAL_UART_TxCpltCallback)
    i.HardFault_Handler                      0x08003a3c   Section        0  stm32l4xx_it.o(i.HardFault_Handler)
    i.LL_ADC_GetOffsetChannel                0x08003a3e   Section        0  stm32l4xx_hal_adc.o(i.LL_ADC_GetOffsetChannel)
    LL_ADC_GetOffsetChannel                  0x08003a3f   Thumb Code    12  stm32l4xx_hal_adc.o(i.LL_ADC_GetOffsetChannel)
    i.LL_ADC_INJ_IsConversionOngoing         0x08003a4a   Section        0  stm32l4xx_hal_adc.o(i.LL_ADC_INJ_IsConversionOngoing)
    LL_ADC_INJ_IsConversionOngoing           0x08003a4b   Thumb Code     8  stm32l4xx_hal_adc.o(i.LL_ADC_INJ_IsConversionOngoing)
    i.LL_ADC_REG_IsConversionOngoing         0x08003a52   Section        0  stm32l4xx_hal_adc.o(i.LL_ADC_REG_IsConversionOngoing)
    LL_ADC_REG_IsConversionOngoing           0x08003a53   Thumb Code     8  stm32l4xx_hal_adc.o(i.LL_ADC_REG_IsConversionOngoing)
    i.LL_ADC_REG_IsTriggerSourceSWStart      0x08003a5a   Section        0  stm32l4xx_hal_adc.o(i.LL_ADC_REG_IsTriggerSourceSWStart)
    LL_ADC_REG_IsTriggerSourceSWStart        0x08003a5b   Thumb Code    16  stm32l4xx_hal_adc.o(i.LL_ADC_REG_IsTriggerSourceSWStart)
    i.LL_ADC_SetChannelSamplingTime          0x08003a6a   Section        0  stm32l4xx_hal_adc.o(i.LL_ADC_SetChannelSamplingTime)
    LL_ADC_SetChannelSamplingTime            0x08003a6b   Thumb Code    30  stm32l4xx_hal_adc.o(i.LL_ADC_SetChannelSamplingTime)
    i.LL_ADC_SetOffsetState                  0x08003a88   Section        0  stm32l4xx_hal_adc.o(i.LL_ADC_SetOffsetState)
    LL_ADC_SetOffsetState                    0x08003a89   Thumb Code    16  stm32l4xx_hal_adc.o(i.LL_ADC_SetOffsetState)
    i.MX_ADC1_Init                           0x08003a98   Section        0  main.o(i.MX_ADC1_Init)
    MX_ADC1_Init                             0x08003a99   Thumb Code   108  main.o(i.MX_ADC1_Init)
    i.MX_GPIO_Init                           0x08003b10   Section        0  main.o(i.MX_GPIO_Init)
    MX_GPIO_Init                             0x08003b11   Thumb Code   132  main.o(i.MX_GPIO_Init)
    i.MX_TIM1_Init                           0x08003b9c   Section        0  main.o(i.MX_TIM1_Init)
    MX_TIM1_Init                             0x08003b9d   Thumb Code   100  main.o(i.MX_TIM1_Init)
    i.MX_TIM2_Init                           0x08003c08   Section        0  main.o(i.MX_TIM2_Init)
    MX_TIM2_Init                             0x08003c09   Thumb Code   150  main.o(i.MX_TIM2_Init)
    i.MX_USART1_UART_Init                    0x08003ca4   Section        0  main.o(i.MX_USART1_UART_Init)
    MX_USART1_UART_Init                      0x08003ca5   Thumb Code    48  main.o(i.MX_USART1_UART_Init)
    i.MX_USART2_UART_Init                    0x08003cdc   Section        0  main.o(i.MX_USART2_UART_Init)
    MX_USART2_UART_Init                      0x08003cdd   Thumb Code    48  main.o(i.MX_USART2_UART_Init)
    i.MemManage_Handler                      0x08003d14   Section        0  stm32l4xx_it.o(i.MemManage_Handler)
    i.NMI_Handler                            0x08003d16   Section        0  stm32l4xx_it.o(i.NMI_Handler)
    i.PendSV_Handler                         0x08003d18   Section        0  stm32l4xx_it.o(i.PendSV_Handler)
    i.RCCEx_PLLSAI1_Config                   0x08003d1c   Section        0  stm32l4xx_hal_rcc_ex.o(i.RCCEx_PLLSAI1_Config)
    RCCEx_PLLSAI1_Config                     0x08003d1d   Thumb Code   278  stm32l4xx_hal_rcc_ex.o(i.RCCEx_PLLSAI1_Config)
    i.RCC_SetFlashLatencyFromMSIRange        0x08003e48   Section        0  stm32l4xx_hal_rcc.o(i.RCC_SetFlashLatencyFromMSIRange)
    RCC_SetFlashLatencyFromMSIRange          0x08003e49   Thumb Code   116  stm32l4xx_hal_rcc.o(i.RCC_SetFlashLatencyFromMSIRange)
    i.SVC_Handler                            0x08003ec4   Section        0  stm32l4xx_it.o(i.SVC_Handler)
    i.SysTick_Handler                        0x08003ec6   Section        0  stm32l4xx_it.o(i.SysTick_Handler)
    i.SystemClock_Config                     0x08003ecc   Section        0  main.o(i.SystemClock_Config)
    i.SystemInit                             0x08003f58   Section        0  system_stm32l4xx.o(i.SystemInit)
    i.TIM2_IRQHandler                        0x08003f68   Section        0  stm32l4xx_it.o(i.TIM2_IRQHandler)
    i.TIM_Base_SetConfig                     0x08003f74   Section        0  stm32l4xx_hal_tim.o(i.TIM_Base_SetConfig)
    i.TIM_CCxChannelCmd                      0x08003fe0   Section        0  stm32l4xx_hal_tim.o(i.TIM_CCxChannelCmd)
    i.TIM_ETR_SetConfig                      0x08003ffa   Section        0  stm32l4xx_hal_tim.o(i.TIM_ETR_SetConfig)
    i.TIM_ITRx_SetConfig                     0x0800400e   Section        0  stm32l4xx_hal_tim.o(i.TIM_ITRx_SetConfig)
    TIM_ITRx_SetConfig                       0x0800400f   Thumb Code    16  stm32l4xx_hal_tim.o(i.TIM_ITRx_SetConfig)
    i.TIM_OC1_SetConfig                      0x08004020   Section        0  stm32l4xx_hal_tim.o(i.TIM_OC1_SetConfig)
    TIM_OC1_SetConfig                        0x08004021   Thumb Code   104  stm32l4xx_hal_tim.o(i.TIM_OC1_SetConfig)
    i.TIM_OC2_SetConfig                      0x08004098   Section        0  stm32l4xx_hal_tim.o(i.TIM_OC2_SetConfig)
    i.TIM_OC3_SetConfig                      0x08004110   Section        0  stm32l4xx_hal_tim.o(i.TIM_OC3_SetConfig)
    TIM_OC3_SetConfig                        0x08004111   Thumb Code   100  stm32l4xx_hal_tim.o(i.TIM_OC3_SetConfig)
    i.TIM_OC4_SetConfig                      0x08004184   Section        0  stm32l4xx_hal_tim.o(i.TIM_OC4_SetConfig)
    TIM_OC4_SetConfig                        0x08004185   Thumb Code    80  stm32l4xx_hal_tim.o(i.TIM_OC4_SetConfig)
    i.TIM_OC5_SetConfig                      0x080041e4   Section        0  stm32l4xx_hal_tim.o(i.TIM_OC5_SetConfig)
    TIM_OC5_SetConfig                        0x080041e5   Thumb Code    74  stm32l4xx_hal_tim.o(i.TIM_OC5_SetConfig)
    i.TIM_OC6_SetConfig                      0x08004240   Section        0  stm32l4xx_hal_tim.o(i.TIM_OC6_SetConfig)
    TIM_OC6_SetConfig                        0x08004241   Thumb Code    76  stm32l4xx_hal_tim.o(i.TIM_OC6_SetConfig)
    i.TIM_TI1_ConfigInputStage               0x0800429c   Section        0  stm32l4xx_hal_tim.o(i.TIM_TI1_ConfigInputStage)
    TIM_TI1_ConfigInputStage                 0x0800429d   Thumb Code    34  stm32l4xx_hal_tim.o(i.TIM_TI1_ConfigInputStage)
    i.TIM_TI2_ConfigInputStage               0x080042be   Section        0  stm32l4xx_hal_tim.o(i.TIM_TI2_ConfigInputStage)
    TIM_TI2_ConfigInputStage                 0x080042bf   Thumb Code    36  stm32l4xx_hal_tim.o(i.TIM_TI2_ConfigInputStage)
    i.UART_AdvFeatureConfig                  0x080042e2   Section        0  stm32l4xx_hal_uart.o(i.UART_AdvFeatureConfig)
    i.UART_CheckIdleState                    0x080043aa   Section        0  stm32l4xx_hal_uart.o(i.UART_CheckIdleState)
    i.UART_DMAAbortOnError                   0x08004406   Section        0  stm32l4xx_hal_uart.o(i.UART_DMAAbortOnError)
    UART_DMAAbortOnError                     0x08004407   Thumb Code    20  stm32l4xx_hal_uart.o(i.UART_DMAAbortOnError)
    i.UART_EndRxTransfer                     0x0800441a   Section        0  stm32l4xx_hal_uart.o(i.UART_EndRxTransfer)
    UART_EndRxTransfer                       0x0800441b   Thumb Code    74  stm32l4xx_hal_uart.o(i.UART_EndRxTransfer)
    i.UART_RxISR_16BIT                       0x08004464   Section        0  stm32l4xx_hal_uart.o(i.UART_RxISR_16BIT)
    UART_RxISR_16BIT                         0x08004465   Thumb Code   158  stm32l4xx_hal_uart.o(i.UART_RxISR_16BIT)
    i.UART_RxISR_8BIT                        0x08004502   Section        0  stm32l4xx_hal_uart.o(i.UART_RxISR_8BIT)
    UART_RxISR_8BIT                          0x08004503   Thumb Code   158  stm32l4xx_hal_uart.o(i.UART_RxISR_8BIT)
    i.UART_SetConfig                         0x080045a0   Section        0  stm32l4xx_hal_uart.o(i.UART_SetConfig)
    i.UART_Start_Receive_IT                  0x0800477c   Section        0  stm32l4xx_hal_uart.o(i.UART_Start_Receive_IT)
    i.UART_WaitOnFlagUntilTimeout            0x08004834   Section        0  stm32l4xx_hal_uart.o(i.UART_WaitOnFlagUntilTimeout)
    i.USART1_IRQHandler                      0x080048fc   Section        0  stm32l4xx_it.o(i.USART1_IRQHandler)
    i.USART2_IRQHandler                      0x08004908   Section        0  stm32l4xx_it.o(i.USART2_IRQHandler)
    i.UsageFault_Handler                     0x08004914   Section        0  stm32l4xx_it.o(i.UsageFault_Handler)
    i.__ARM_fpclassify                       0x08004916   Section        0  fpclassify.o(i.__ARM_fpclassify)
    i.__NVIC_SetPriority                     0x08004946   Section        0  stm32l4xx_hal_cortex.o(i.__NVIC_SetPriority)
    __NVIC_SetPriority                       0x08004947   Thumb Code    32  stm32l4xx_hal_cortex.o(i.__NVIC_SetPriority)
    i._is_digit                              0x08004966   Section        0  __printf_wp.o(i._is_digit)
    i.main                                   0x08004974   Section        0  main.o(i.main)
    locale$$code                             0x080049f0   Section       44  lc_numeric_c.o(locale$$code)
    x$fpl$dretinf                            0x08004a1c   Section       12  dretinf.o(x$fpl$dretinf)
    $v0                                      0x08004a1c   Number         0  dretinf.o(x$fpl$dretinf)
    x$fpl$f2d                                0x08004a28   Section       86  f2d.o(x$fpl$f2d)
    $v0                                      0x08004a28   Number         0  f2d.o(x$fpl$f2d)
    x$fpl$fnaninf                            0x08004a7e   Section      140  fnaninf.o(x$fpl$fnaninf)
    $v0                                      0x08004a7e   Number         0  fnaninf.o(x$fpl$fnaninf)
    x$fpl$fpinit                             0x08004b0a   Section       10  fpinit.o(x$fpl$fpinit)
    $v0                                      0x08004b0a   Number         0  fpinit.o(x$fpl$fpinit)
    x$fpl$printf1                            0x08004b14   Section        4  printf1.o(x$fpl$printf1)
    $v0                                      0x08004b14   Number         0  printf1.o(x$fpl$printf1)
    .constdata                               0x08004b18   Section       64  system_stm32l4xx.o(.constdata)
    x$fpl$usenofp                            0x08004b18   Section        0  usenofp.o(x$fpl$usenofp)
    .constdata                               0x08004b58   Section        8  system_stm32l4xx.o(.constdata)
    .constdata                               0x08004b60   Section       17  __printf_flags_wp.o(.constdata)
    maptable                                 0x08004b60   Data          17  __printf_flags_wp.o(.constdata)
    .constdata                               0x08004b74   Section      148  bigflt0.o(.constdata)
    tenpwrs_x                                0x08004b74   Data          60  bigflt0.o(.constdata)
    tenpwrs_i                                0x08004bb0   Data          64  bigflt0.o(.constdata)
    locale$$data                             0x08004c28   Section       28  lc_numeric_c.o(locale$$data)
    __lcnum_c_name                           0x08004c2c   Data           2  lc_numeric_c.o(locale$$data)
    __lcnum_c_start                          0x08004c34   Data           0  lc_numeric_c.o(locale$$data)
    __lcnum_c_point                          0x08004c40   Data           0  lc_numeric_c.o(locale$$data)
    __lcnum_c_thousands                      0x08004c42   Data           0  lc_numeric_c.o(locale$$data)
    __lcnum_c_grouping                       0x08004c43   Data           0  lc_numeric_c.o(locale$$data)
    __lcnum_c_end                            0x08004c44   Data           0  lc_numeric_c.o(locale$$data)
    .data                                    0x20000000   Section       12  main.o(.data)
    .data                                    0x2000000c   Section       12  stm32l4xx_hal.o(.data)
    .data                                    0x20000018   Section        4  system_stm32l4xx.o(.data)
    .bss                                     0x2000001c   Section      616  main.o(.bss)
    .bss                                     0x20000284   Section       96  libspace.o(.bss)
    HEAP                                     0x200002e8   Section      512  startup_stm32l432xx.o(HEAP)
    Heap_Mem                                 0x200002e8   Data         512  startup_stm32l432xx.o(HEAP)
    STACK                                    0x200004e8   Section     1024  startup_stm32l432xx.o(STACK)
    Stack_Mem                                0x200004e8   Data        1024  startup_stm32l432xx.o(STACK)
    __initial_sp                             0x200008e8   Data           0  startup_stm32l432xx.o(STACK)

    Global Symbols

    Symbol Name                              Value     Ov Type        Size  Object(Section)

    BuildAttributes$$THM_ISAv4$E$P$D$K$B$S$7EM$VFPi3$EXTD16$VFPS$VFMA$PE$A:L22UL41UL21$X:L11$S22US41US21$IEEE1$IW$USESV6$~STKCKD$USESV7$~SHL$OTIME$ROPI$IEEEJ$EBA8$UX$STANDARDLIB$REQ8$PRES8$EABIv2 0x00000000   Number         0  anon$$obj.o ABSOLUTE
    __ARM_use_no_argv                        0x00000000   Number         0  main.o ABSOLUTE
    _printf_flags                            0x00000000   Number         0  printf_stubs.o ABSOLUTE
    _printf_return_value                     0x00000000   Number         0  printf_stubs.o ABSOLUTE
    _printf_sizespec                         0x00000000   Number         0  printf_stubs.o ABSOLUTE
    _printf_widthprec                        0x00000000   Number         0  printf_stubs.o ABSOLUTE
    __ARM_exceptions_init                     - Undefined Weak Reference
    __alloca_initialize                       - Undefined Weak Reference
    __arm_fini_                               - Undefined Weak Reference
    __arm_preinit_                            - Undefined Weak Reference
    __cpp_initialize__aeabi_                  - Undefined Weak Reference
    __cxa_finalize                            - Undefined Weak Reference
    __sigvec_lookup                           - Undefined Weak Reference
    _atexit_init                              - Undefined Weak Reference
    _call_atexit_fns                          - Undefined Weak Reference
    _clock_init                               - Undefined Weak Reference
    _fp_trap_init                             - Undefined Weak Reference
    _fp_trap_shutdown                         - Undefined Weak Reference
    _get_lc_collate                           - Undefined Weak Reference
    _get_lc_ctype                             - Undefined Weak Reference
    _get_lc_monetary                          - Undefined Weak Reference
    _get_lc_time                              - Undefined Weak Reference
    _getenv_init                              - Undefined Weak Reference
    _handle_redirection                       - Undefined Weak Reference
    _init_alloc                               - Undefined Weak Reference
    _init_user_alloc                          - Undefined Weak Reference
    _initio                                   - Undefined Weak Reference
    _printf_post_padding                      - Undefined Weak Reference
    _printf_pre_padding                       - Undefined Weak Reference
    _rand_init                                - Undefined Weak Reference
    _signal_finish                            - Undefined Weak Reference
    _signal_init                              - Undefined Weak Reference
    _terminate_alloc                          - Undefined Weak Reference
    _terminate_user_alloc                     - Undefined Weak Reference
    _terminateio                              - Undefined Weak Reference
    __Vectors_Size                           0x0000018c   Number         0  startup_stm32l432xx.o ABSOLUTE
    __Vectors                                0x08000000   Data           4  startup_stm32l432xx.o(RESET)
    __Vectors_End                            0x0800018c   Data           0  startup_stm32l432xx.o(RESET)
    __main                                   0x0800018d   Thumb Code     8  __main.o(!!!main)
    __scatterload                            0x08000195   Thumb Code     0  __scatter.o(!!!scatter)
    __scatterload_rt2                        0x08000195   Thumb Code    44  __scatter.o(!!!scatter)
    __scatterload_rt2_thumb_only             0x08000195   Thumb Code     0  __scatter.o(!!!scatter)
    __scatterload_null                       0x080001a3   Thumb Code     0  __scatter.o(!!!scatter)
    __scatterload_copy                       0x080001c9   Thumb Code    26  __scatter_copy.o(!!handler_copy)
    __scatterload_zeroinit                   0x080001e5   Thumb Code    28  __scatter_zi.o(!!handler_zi)
    _printf_f                                0x08000201   Thumb Code     0  _printf_f.o(.ARM.Collect$$_printf_percent$$00000003)
    _printf_percent                          0x08000201   Thumb Code     0  _printf_percent.o(.ARM.Collect$$_printf_percent$$00000000)
    _printf_percent_end                      0x08000207   Thumb Code     0  _printf_percent_end.o(.ARM.Collect$$_printf_percent$$00000017)
    __rt_lib_init                            0x0800020b   Thumb Code     0  libinit.o(.ARM.Collect$$libinit$$00000000)
    __rt_lib_init_fp_1                       0x0800020d   Thumb Code     0  libinit2.o(.ARM.Collect$$libinit$$00000001)
    __rt_lib_init_heap_1                     0x08000211   Thumb Code     0  libinit2.o(.ARM.Collect$$libinit$$0000000A)
    __rt_lib_init_lc_common                  0x08000211   Thumb Code     0  libinit2.o(.ARM.Collect$$libinit$$0000000F)
    __rt_lib_init_preinit_1                  0x08000211   Thumb Code     0  libinit2.o(.ARM.Collect$$libinit$$00000004)
    __rt_lib_init_rand_1                     0x08000211   Thumb Code     0  libinit2.o(.ARM.Collect$$libinit$$0000000E)
    __rt_lib_init_user_alloc_1               0x08000211   Thumb Code     0  libinit2.o(.ARM.Collect$$libinit$$0000000C)
    __rt_lib_init_lc_collate_1               0x08000217   Thumb Code     0  libinit2.o(.ARM.Collect$$libinit$$00000011)
    __rt_lib_init_lc_ctype_1                 0x08000217   Thumb Code     0  libinit2.o(.ARM.Collect$$libinit$$00000013)
    __rt_lib_init_lc_monetary_1              0x08000217   Thumb Code     0  libinit2.o(.ARM.Collect$$libinit$$00000015)
    __rt_lib_init_lc_numeric_2               0x08000217   Thumb Code     0  libinit2.o(.ARM.Collect$$libinit$$00000016)
    __rt_lib_init_alloca_1                   0x08000221   Thumb Code     0  libinit2.o(.ARM.Collect$$libinit$$0000002E)
    __rt_lib_init_argv_1                     0x08000221   Thumb Code     0  libinit2.o(.ARM.Collect$$libinit$$0000002C)
    __rt_lib_init_atexit_1                   0x08000221   Thumb Code     0  libinit2.o(.ARM.Collect$$libinit$$0000001B)
    __rt_lib_init_clock_1                    0x08000221   Thumb Code     0  libinit2.o(.ARM.Collect$$libinit$$00000021)
    __rt_lib_init_cpp_1                      0x08000221   Thumb Code     0  libinit2.o(.ARM.Collect$$libinit$$00000032)
    __rt_lib_init_exceptions_1               0x08000221   Thumb Code     0  libinit2.o(.ARM.Collect$$libinit$$00000030)
    __rt_lib_init_fp_trap_1                  0x08000221   Thumb Code     0  libinit2.o(.ARM.Collect$$libinit$$0000001F)
    __rt_lib_init_getenv_1                   0x08000221   Thumb Code     0  libinit2.o(.ARM.Collect$$libinit$$00000023)
    __rt_lib_init_lc_numeric_1               0x08000221   Thumb Code     0  libinit2.o(.ARM.Collect$$libinit$$00000017)
    __rt_lib_init_lc_time_1                  0x08000221   Thumb Code     0  libinit2.o(.ARM.Collect$$libinit$$00000019)
    __rt_lib_init_return                     0x08000221   Thumb Code     0  libinit2.o(.ARM.Collect$$libinit$$00000033)
    __rt_lib_init_signal_1                   0x08000221   Thumb Code     0  libinit2.o(.ARM.Collect$$libinit$$0000001D)
    __rt_lib_init_stdio_1                    0x08000221   Thumb Code     0  libinit2.o(.ARM.Collect$$libinit$$00000025)
    __rt_lib_shutdown                        0x08000223   Thumb Code     0  libshutdown.o(.ARM.Collect$$libshutdown$$00000000)
    __rt_lib_shutdown_cpp_1                  0x08000225   Thumb Code     0  libshutdown2.o(.ARM.Collect$$libshutdown$$00000004)
    __rt_lib_shutdown_fini_1                 0x08000225   Thumb Code     0  libshutdown2.o(.ARM.Collect$$libshutdown$$00000002)
    __rt_lib_shutdown_fp_trap_1              0x08000225   Thumb Code     0  libshutdown2.o(.ARM.Collect$$libshutdown$$00000009)
    __rt_lib_shutdown_heap_1                 0x08000225   Thumb Code     0  libshutdown2.o(.ARM.Collect$$libshutdown$$00000011)
    __rt_lib_shutdown_return                 0x08000225   Thumb Code     0  libshutdown2.o(.ARM.Collect$$libshutdown$$00000012)
    __rt_lib_shutdown_signal_1               0x08000225   Thumb Code     0  libshutdown2.o(.ARM.Collect$$libshutdown$$0000000C)
    __rt_lib_shutdown_stdio_1                0x08000225   Thumb Code     0  libshutdown2.o(.ARM.Collect$$libshutdown$$00000006)
    __rt_lib_shutdown_user_alloc_1           0x08000225   Thumb Code     0  libshutdown2.o(.ARM.Collect$$libshutdown$$0000000E)
    __rt_entry                               0x08000227   Thumb Code     0  __rtentry.o(.ARM.Collect$$rtentry$$00000000)
    __rt_entry_presh_1                       0x08000227   Thumb Code     0  __rtentry2.o(.ARM.Collect$$rtentry$$00000002)
    __rt_entry_sh                            0x08000227   Thumb Code     0  __rtentry4.o(.ARM.Collect$$rtentry$$00000004)
    __rt_entry_li                            0x0800022d   Thumb Code     0  __rtentry2.o(.ARM.Collect$$rtentry$$0000000A)
    __rt_entry_postsh_1                      0x0800022d   Thumb Code     0  __rtentry2.o(.ARM.Collect$$rtentry$$00000009)
    __rt_entry_main                          0x08000231   Thumb Code     0  __rtentry2.o(.ARM.Collect$$rtentry$$0000000D)
    __rt_entry_postli_1                      0x08000231   Thumb Code     0  __rtentry2.o(.ARM.Collect$$rtentry$$0000000C)
    __rt_exit                                0x08000239   Thumb Code     0  rtexit.o(.ARM.Collect$$rtexit$$00000000)
    __rt_exit_ls                             0x0800023b   Thumb Code     0  rtexit2.o(.ARM.Collect$$rtexit$$00000003)
    __rt_exit_prels_1                        0x0800023b   Thumb Code     0  rtexit2.o(.ARM.Collect$$rtexit$$00000002)
    __rt_exit_exit                           0x0800023f   Thumb Code     0  rtexit2.o(.ARM.Collect$$rtexit$$00000004)
    Reset_Handler                            0x08000245   Thumb Code     8  startup_stm32l432xx.o(.text)
    CAN1_RX0_IRQHandler                      0x0800025f   Thumb Code     0  startup_stm32l432xx.o(.text)
    CAN1_RX1_IRQHandler                      0x0800025f   Thumb Code     0  startup_stm32l432xx.o(.text)
    CAN1_SCE_IRQHandler                      0x0800025f   Thumb Code     0  startup_stm32l432xx.o(.text)
    CAN1_TX_IRQHandler                       0x0800025f   Thumb Code     0  startup_stm32l432xx.o(.text)
    COMP_IRQHandler                          0x0800025f   Thumb Code     0  startup_stm32l432xx.o(.text)
    CRS_IRQHandler                           0x0800025f   Thumb Code     0  startup_stm32l432xx.o(.text)
    DMA1_Channel1_IRQHandler                 0x0800025f   Thumb Code     0  startup_stm32l432xx.o(.text)
    DMA1_Channel2_IRQHandler                 0x0800025f   Thumb Code     0  startup_stm32l432xx.o(.text)
    DMA1_Channel3_IRQHandler                 0x0800025f   Thumb Code     0  startup_stm32l432xx.o(.text)
    DMA1_Channel4_IRQHandler                 0x0800025f   Thumb Code     0  startup_stm32l432xx.o(.text)
    DMA1_Channel5_IRQHandler                 0x0800025f   Thumb Code     0  startup_stm32l432xx.o(.text)
    DMA1_Channel6_IRQHandler                 0x0800025f   Thumb Code     0  startup_stm32l432xx.o(.text)
    DMA1_Channel7_IRQHandler                 0x0800025f   Thumb Code     0  startup_stm32l432xx.o(.text)
    DMA2_Channel1_IRQHandler                 0x0800025f   Thumb Code     0  startup_stm32l432xx.o(.text)
    DMA2_Channel2_IRQHandler                 0x0800025f   Thumb Code     0  startup_stm32l432xx.o(.text)
    DMA2_Channel3_IRQHandler                 0x0800025f   Thumb Code     0  startup_stm32l432xx.o(.text)
    DMA2_Channel4_IRQHandler                 0x0800025f   Thumb Code     0  startup_stm32l432xx.o(.text)
    DMA2_Channel5_IRQHandler                 0x0800025f   Thumb Code     0  startup_stm32l432xx.o(.text)
    DMA2_Channel6_IRQHandler                 0x0800025f   Thumb Code     0  startup_stm32l432xx.o(.text)
    DMA2_Channel7_IRQHandler                 0x0800025f   Thumb Code     0  startup_stm32l432xx.o(.text)
    EXTI0_IRQHandler                         0x0800025f   Thumb Code     0  startup_stm32l432xx.o(.text)
    EXTI15_10_IRQHandler                     0x0800025f   Thumb Code     0  startup_stm32l432xx.o(.text)
    EXTI1_IRQHandler                         0x0800025f   Thumb Code     0  startup_stm32l432xx.o(.text)
    EXTI2_IRQHandler                         0x0800025f   Thumb Code     0  startup_stm32l432xx.o(.text)
    EXTI3_IRQHandler                         0x0800025f   Thumb Code     0  startup_stm32l432xx.o(.text)
    EXTI4_IRQHandler                         0x0800025f   Thumb Code     0  startup_stm32l432xx.o(.text)
    EXTI9_5_IRQHandler                       0x0800025f   Thumb Code     0  startup_stm32l432xx.o(.text)
    FLASH_IRQHandler                         0x0800025f   Thumb Code     0  startup_stm32l432xx.o(.text)
    FPU_IRQHandler                           0x0800025f   Thumb Code     0  startup_stm32l432xx.o(.text)
    I2C1_ER_IRQHandler                       0x0800025f   Thumb Code     0  startup_stm32l432xx.o(.text)
    I2C1_EV_IRQHandler                       0x0800025f   Thumb Code     0  startup_stm32l432xx.o(.text)
    I2C3_ER_IRQHandler                       0x0800025f   Thumb Code     0  startup_stm32l432xx.o(.text)
    I2C3_EV_IRQHandler                       0x0800025f   Thumb Code     0  startup_stm32l432xx.o(.text)
    LPTIM1_IRQHandler                        0x0800025f   Thumb Code     0  startup_stm32l432xx.o(.text)
    LPTIM2_IRQHandler                        0x0800025f   Thumb Code     0  startup_stm32l432xx.o(.text)
    LPUART1_IRQHandler                       0x0800025f   Thumb Code     0  startup_stm32l432xx.o(.text)
    PVD_PVM_IRQHandler                       0x0800025f   Thumb Code     0  startup_stm32l432xx.o(.text)
    QUADSPI_IRQHandler                       0x0800025f   Thumb Code     0  startup_stm32l432xx.o(.text)
    RCC_IRQHandler                           0x0800025f   Thumb Code     0  startup_stm32l432xx.o(.text)
    RNG_IRQHandler                           0x0800025f   Thumb Code     0  startup_stm32l432xx.o(.text)
    RTC_Alarm_IRQHandler                     0x0800025f   Thumb Code     0  startup_stm32l432xx.o(.text)
    RTC_WKUP_IRQHandler                      0x0800025f   Thumb Code     0  startup_stm32l432xx.o(.text)
    SAI1_IRQHandler                          0x0800025f   Thumb Code     0  startup_stm32l432xx.o(.text)
    SPI1_IRQHandler                          0x0800025f   Thumb Code     0  startup_stm32l432xx.o(.text)
    SPI3_IRQHandler                          0x0800025f   Thumb Code     0  startup_stm32l432xx.o(.text)
    SWPMI1_IRQHandler                        0x0800025f   Thumb Code     0  startup_stm32l432xx.o(.text)
    TAMP_STAMP_IRQHandler                    0x0800025f   Thumb Code     0  startup_stm32l432xx.o(.text)
    TIM1_BRK_TIM15_IRQHandler                0x0800025f   Thumb Code     0  startup_stm32l432xx.o(.text)
    TIM1_CC_IRQHandler                       0x0800025f   Thumb Code     0  startup_stm32l432xx.o(.text)
    TIM1_TRG_COM_IRQHandler                  0x0800025f   Thumb Code     0  startup_stm32l432xx.o(.text)
    TIM1_UP_TIM16_IRQHandler                 0x0800025f   Thumb Code     0  startup_stm32l432xx.o(.text)
    TIM6_DAC_IRQHandler                      0x0800025f   Thumb Code     0  startup_stm32l432xx.o(.text)
    TIM7_IRQHandler                          0x0800025f   Thumb Code     0  startup_stm32l432xx.o(.text)
    TSC_IRQHandler                           0x0800025f   Thumb Code     0  startup_stm32l432xx.o(.text)
    USB_IRQHandler                           0x0800025f   Thumb Code     0  startup_stm32l432xx.o(.text)
    WWDG_IRQHandler                          0x0800025f   Thumb Code     0  startup_stm32l432xx.o(.text)
    __user_initial_stackheap                 0x08000261   Thumb Code     0  startup_stm32l432xx.o(.text)
    __aeabi_uldivmod                         0x08000285   Thumb Code     0  lludivv7m.o(.text)
    _ll_udiv                                 0x08000285   Thumb Code   238  lludivv7m.o(.text)
    __2sprintf                               0x08000375   Thumb Code    34  noretval__2sprintf.o(.text)
    __printf                                 0x0800039d   Thumb Code   308  __printf_flags_wp.o(.text)
    __aeabi_memclr4                          0x080004db   Thumb Code     0  rt_memclr_w.o(.text)
    __aeabi_memclr8                          0x080004db   Thumb Code     0  rt_memclr_w.o(.text)
    __rt_memclr_w                            0x080004db   Thumb Code    78  rt_memclr_w.o(.text)
    _memset_w                                0x080004df   Thumb Code     0  rt_memclr_w.o(.text)
    __use_two_region_memory                  0x08000529   Thumb Code     2  heapauxi.o(.text)
    __rt_heap_escrow$2region                 0x0800052b   Thumb Code     2  heapauxi.o(.text)
    __rt_heap_expand$2region                 0x0800052d   Thumb Code     2  heapauxi.o(.text)
    __lib_sel_fp_printf                      0x0800052f   Thumb Code     2  _printf_fp_dec.o(.text)
    _printf_fp_dec_real                      0x080006e1   Thumb Code   620  _printf_fp_dec.o(.text)
    _printf_char_common                      0x0800095f   Thumb Code    32  _printf_char_common.o(.text)
    _sputc                                   0x08000985   Thumb Code    10  _sputc.o(.text)
    __rt_locale                              0x08000991   Thumb Code     8  rt_locale_intlibspace.o(.text)
    _ll_udiv10                               0x08000999   Thumb Code   138  lludiv10.o(.text)
    _printf_fp_infnan                        0x08000a25   Thumb Code   112  _printf_fp_infnan.o(.text)
    _btod_etento                             0x08000aa5   Thumb Code   224  bigflt0.o(.text)
    __user_libspace                          0x08000b89   Thumb Code     8  libspace.o(.text)
    __user_perproc_libspace                  0x08000b89   Thumb Code     0  libspace.o(.text)
    __user_perthread_libspace                0x08000b89   Thumb Code     0  libspace.o(.text)
    __user_setup_stackheap                   0x08000b91   Thumb Code    74  sys_stackheap_outer.o(.text)
    exit                                     0x08000bdb   Thumb Code    18  exit.o(.text)
    strcmp                                   0x08000bed   Thumb Code   128  strcmpv7m.o(.text)
    _sys_exit                                0x08000c6d   Thumb Code     8  sys_exit.o(.text)
    __I$use$semihosting                      0x08000c79   Thumb Code     0  use_no_semi.o(.text)
    __use_no_semihosting_swi                 0x08000c79   Thumb Code     2  use_no_semi.o(.text)
    __semihosting_library_function           0x08000c7b   Thumb Code     0  indicate_semi.o(.text)
    _btod_d2e                                0x08000c7b   Thumb Code    62  btod.o(CL$$btod_d2e)
    _d2e_denorm_low                          0x08000cb9   Thumb Code    70  btod.o(CL$$btod_d2e_denorm_low)
    _d2e_norm_op1                            0x08000cff   Thumb Code    96  btod.o(CL$$btod_d2e_norm_op1)
    __btod_div_common                        0x08000d5f   Thumb Code   696  btod.o(CL$$btod_div_common)
    _e2e                                     0x08001097   Thumb Code   220  btod.o(CL$$btod_e2e)
    _btod_ediv                               0x08001173   Thumb Code    42  btod.o(CL$$btod_ediv)
    _btod_emul                               0x0800119d   Thumb Code    42  btod.o(CL$$btod_emul)
    __btod_mult_common                       0x080011c7   Thumb Code   580  btod.o(CL$$btod_mult_common)
    ADC1_IRQHandler                          0x0800140d   Thumb Code     6  stm32l4xx_it.o(i.ADC1_IRQHandler)
    ADC_Disable                              0x08001419   Thumb Code   106  stm32l4xx_hal_adc.o(i.ADC_Disable)
    ADC_Enable                               0x08001489   Thumb Code   154  stm32l4xx_hal_adc.o(i.ADC_Enable)
    BusFault_Handler                         0x08001535   Thumb Code     2  stm32l4xx_it.o(i.BusFault_Handler)
    DebugMon_Handler                         0x08001537   Thumb Code     2  stm32l4xx_it.o(i.DebugMon_Handler)
    Error_Handler                            0x08001539   Thumb Code     4  main.o(i.Error_Handler)
    HAL_ADCEx_Calibration_Start              0x0800153d   Thumb Code   140  stm32l4xx_hal_adc_ex.o(i.HAL_ADCEx_Calibration_Start)
    HAL_ADCEx_EndOfSamplingCallback          0x080015cd   Thumb Code     2  stm32l4xx_hal_adc_ex.o(i.HAL_ADCEx_EndOfSamplingCallback)
    HAL_ADCEx_InjectedConvCpltCallback       0x080015cf   Thumb Code     2  stm32l4xx_hal_adc_ex.o(i.HAL_ADCEx_InjectedConvCpltCallback)
    HAL_ADCEx_InjectedQueueOverflowCallback  0x080015d1   Thumb Code     2  stm32l4xx_hal_adc_ex.o(i.HAL_ADCEx_InjectedQueueOverflowCallback)
    HAL_ADCEx_LevelOutOfWindow2Callback      0x080015d3   Thumb Code     2  stm32l4xx_hal_adc_ex.o(i.HAL_ADCEx_LevelOutOfWindow2Callback)
    HAL_ADCEx_LevelOutOfWindow3Callback      0x080015d5   Thumb Code     2  stm32l4xx_hal_adc_ex.o(i.HAL_ADCEx_LevelOutOfWindow3Callback)
    HAL_ADC_ConfigChannel                    0x080015d9   Thumb Code   960  stm32l4xx_hal_adc.o(i.HAL_ADC_ConfigChannel)
    HAL_ADC_ConvCpltCallback                 0x080019cd   Thumb Code    98  main.o(i.HAL_ADC_ConvCpltCallback)
    HAL_ADC_ErrorCallback                    0x08001a49   Thumb Code     2  stm32l4xx_hal_adc.o(i.HAL_ADC_ErrorCallback)
    HAL_ADC_GetValue                         0x08001a4b   Thumb Code     6  stm32l4xx_hal_adc.o(i.HAL_ADC_GetValue)
    HAL_ADC_IRQHandler                       0x08001a51   Thumb Code   514  stm32l4xx_hal_adc.o(i.HAL_ADC_IRQHandler)
    HAL_ADC_Init                             0x08001c55   Thumb Code   400  stm32l4xx_hal_adc.o(i.HAL_ADC_Init)
    HAL_ADC_LevelOutOfWindowCallback         0x08001e05   Thumb Code     2  stm32l4xx_hal_adc.o(i.HAL_ADC_LevelOutOfWindowCallback)
    HAL_ADC_MspInit                          0x08001e09   Thumb Code   150  stm32l4xx_hal_msp.o(i.HAL_ADC_MspInit)
    HAL_ADC_Start_IT                         0x08001ea9   Thumb Code   218  stm32l4xx_hal_adc.o(i.HAL_ADC_Start_IT)
    HAL_DMA_Abort                            0x08001f89   Thumb Code    74  stm32l4xx_hal_dma.o(i.HAL_DMA_Abort)
    HAL_DMA_Abort_IT                         0x08001fd3   Thumb Code    78  stm32l4xx_hal_dma.o(i.HAL_DMA_Abort_IT)
    HAL_Delay                                0x08002021   Thumb Code    32  stm32l4xx_hal.o(i.HAL_Delay)
    HAL_GPIO_Init                            0x08002045   Thumb Code   488  stm32l4xx_hal_gpio.o(i.HAL_GPIO_Init)
    HAL_GPIO_WritePin                        0x08002247   Thumb Code    10  stm32l4xx_hal_gpio.o(i.HAL_GPIO_WritePin)
    HAL_GetTick                              0x08002251   Thumb Code     6  stm32l4xx_hal.o(i.HAL_GetTick)
    HAL_IncTick                              0x0800225d   Thumb Code    12  stm32l4xx_hal.o(i.HAL_IncTick)
    HAL_Init                                 0x0800226d   Thumb Code    30  stm32l4xx_hal.o(i.HAL_Init)
    HAL_InitTick                             0x0800228d   Thumb Code    58  stm32l4xx_hal.o(i.HAL_InitTick)
    HAL_MspInit                              0x080022d1   Thumb Code    38  stm32l4xx_hal_msp.o(i.HAL_MspInit)
    HAL_NVIC_EnableIRQ                       0x080022fd   Thumb Code    26  stm32l4xx_hal_cortex.o(i.HAL_NVIC_EnableIRQ)
    HAL_NVIC_SetPriority                     0x08002319   Thumb Code    60  stm32l4xx_hal_cortex.o(i.HAL_NVIC_SetPriority)
    HAL_NVIC_SetPriorityGrouping             0x08002359   Thumb Code    26  stm32l4xx_hal_cortex.o(i.HAL_NVIC_SetPriorityGrouping)
    HAL_PWREx_ControlVoltageScaling          0x0800237d   Thumb Code    90  stm32l4xx_hal_pwr_ex.o(i.HAL_PWREx_ControlVoltageScaling)
    HAL_PWREx_GetVoltageRange                0x080023e5   Thumb Code    10  stm32l4xx_hal_pwr_ex.o(i.HAL_PWREx_GetVoltageRange)
    HAL_PWR_EnableBkUpAccess                 0x080023f5   Thumb Code    12  stm32l4xx_hal_pwr.o(i.HAL_PWR_EnableBkUpAccess)
    HAL_RCCEx_EnableMSIPLLMode               0x08002405   Thumb Code    12  stm32l4xx_hal_rcc_ex.o(i.HAL_RCCEx_EnableMSIPLLMode)
    HAL_RCCEx_PeriphCLKConfig                0x08002415   Thumb Code   634  stm32l4xx_hal_rcc_ex.o(i.HAL_RCCEx_PeriphCLKConfig)
    HAL_RCC_ClockConfig                      0x080026a1   Thumb Code   304  stm32l4xx_hal_rcc.o(i.HAL_RCC_ClockConfig)
    HAL_RCC_GetPCLK1Freq                     0x080027e5   Thumb Code    24  stm32l4xx_hal_rcc.o(i.HAL_RCC_GetPCLK1Freq)
    HAL_RCC_GetPCLK2Freq                     0x08002809   Thumb Code    24  stm32l4xx_hal_rcc.o(i.HAL_RCC_GetPCLK2Freq)
    HAL_RCC_GetSysClockFreq                  0x0800282d   Thumb Code   150  stm32l4xx_hal_rcc.o(i.HAL_RCC_GetSysClockFreq)
    HAL_RCC_OscConfig                        0x080028d1   Thumb Code  1366  stm32l4xx_hal_rcc.o(i.HAL_RCC_OscConfig)
    HAL_SYSTICK_Config                       0x08002e31   Thumb Code    40  stm32l4xx_hal_cortex.o(i.HAL_SYSTICK_Config)
    HAL_TIMEx_Break2Callback                 0x08002e59   Thumb Code     2  stm32l4xx_hal_tim_ex.o(i.HAL_TIMEx_Break2Callback)
    HAL_TIMEx_BreakCallback                  0x08002e5b   Thumb Code     2  stm32l4xx_hal_tim_ex.o(i.HAL_TIMEx_BreakCallback)
    HAL_TIMEx_CommutCallback                 0x08002e5d   Thumb Code     2  stm32l4xx_hal_tim_ex.o(i.HAL_TIMEx_CommutCallback)
    HAL_TIMEx_MasterConfigSynchronization    0x08002e61   Thumb Code    98  stm32l4xx_hal_tim_ex.o(i.HAL_TIMEx_MasterConfigSynchronization)
    HAL_TIM_Base_Init                        0x08002ecd   Thumb Code    98  stm32l4xx_hal_tim.o(i.HAL_TIM_Base_Init)
    HAL_TIM_Base_MspInit                     0x08002f31   Thumb Code    72  stm32l4xx_hal_msp.o(i.HAL_TIM_Base_MspInit)
    HAL_TIM_Base_Start                       0x08002f81   Thumb Code    66  stm32l4xx_hal_tim.o(i.HAL_TIM_Base_Start)
    HAL_TIM_ConfigClockSource                0x08002fd1   Thumb Code   220  stm32l4xx_hal_tim.o(i.HAL_TIM_ConfigClockSource)
    HAL_TIM_IC_CaptureCallback               0x080030b1   Thumb Code     2  stm32l4xx_hal_tim.o(i.HAL_TIM_IC_CaptureCallback)
    HAL_TIM_IRQHandler                       0x080030b3   Thumb Code   388  stm32l4xx_hal_tim.o(i.HAL_TIM_IRQHandler)
    HAL_TIM_MspPostInit                      0x08003239   Thumb Code    72  stm32l4xx_hal_msp.o(i.HAL_TIM_MspPostInit)
    HAL_TIM_OC_DelayElapsedCallback          0x08003285   Thumb Code     2  stm32l4xx_hal_tim.o(i.HAL_TIM_OC_DelayElapsedCallback)
    HAL_TIM_PWM_ConfigChannel                0x08003287   Thumb Code   292  stm32l4xx_hal_tim.o(i.HAL_TIM_PWM_ConfigChannel)
    HAL_TIM_PWM_Init                         0x080033ab   Thumb Code    98  stm32l4xx_hal_tim.o(i.HAL_TIM_PWM_Init)
    HAL_TIM_PWM_MspInit                      0x0800340d   Thumb Code     2  stm32l4xx_hal_tim.o(i.HAL_TIM_PWM_MspInit)
    HAL_TIM_PWM_PulseFinishedCallback        0x0800340f   Thumb Code     2  stm32l4xx_hal_tim.o(i.HAL_TIM_PWM_PulseFinishedCallback)
    HAL_TIM_PWM_Start                        0x08003411   Thumb Code   190  stm32l4xx_hal_tim.o(i.HAL_TIM_PWM_Start)
    HAL_TIM_PeriodElapsedCallback            0x080034e1   Thumb Code     2  stm32l4xx_hal_tim.o(i.HAL_TIM_PeriodElapsedCallback)
    HAL_TIM_TriggerCallback                  0x080034e3   Thumb Code     2  stm32l4xx_hal_tim.o(i.HAL_TIM_TriggerCallback)
    HAL_UARTEx_RxEventCallback               0x080034e5   Thumb Code     2  stm32l4xx_hal_uart.o(i.HAL_UARTEx_RxEventCallback)
    HAL_UARTEx_WakeupCallback                0x080034e7   Thumb Code     2  stm32l4xx_hal_uart_ex.o(i.HAL_UARTEx_WakeupCallback)
    HAL_UART_ErrorCallback                   0x080034e9   Thumb Code     2  stm32l4xx_hal_uart.o(i.HAL_UART_ErrorCallback)
    HAL_UART_IRQHandler                      0x080034ed   Thumb Code   652  stm32l4xx_hal_uart.o(i.HAL_UART_IRQHandler)
    HAL_UART_Init                            0x08003781   Thumb Code   102  stm32l4xx_hal_uart.o(i.HAL_UART_Init)
    HAL_UART_MspInit                         0x080037e9   Thumb Code   254  stm32l4xx_hal_msp.o(i.HAL_UART_MspInit)
    HAL_UART_Receive_IT                      0x080038f5   Thumb Code    78  stm32l4xx_hal_uart.o(i.HAL_UART_Receive_IT)
    HAL_UART_RxCpltCallback                  0x08003949   Thumb Code    50  main.o(i.HAL_UART_RxCpltCallback)
    HAL_UART_Transmit                        0x08003985   Thumb Code   182  stm32l4xx_hal_uart.o(i.HAL_UART_Transmit)
    HAL_UART_TxCpltCallback                  0x08003a3b   Thumb Code     2  stm32l4xx_hal_uart.o(i.HAL_UART_TxCpltCallback)
    HardFault_Handler                        0x08003a3d   Thumb Code     2  stm32l4xx_it.o(i.HardFault_Handler)
    MemManage_Handler                        0x08003d15   Thumb Code     2  stm32l4xx_it.o(i.MemManage_Handler)
    NMI_Handler                              0x08003d17   Thumb Code     2  stm32l4xx_it.o(i.NMI_Handler)
    PendSV_Handler                           0x08003d19   Thumb Code     2  stm32l4xx_it.o(i.PendSV_Handler)
    SVC_Handler                              0x08003ec5   Thumb Code     2  stm32l4xx_it.o(i.SVC_Handler)
    SysTick_Handler                          0x08003ec7   Thumb Code     4  stm32l4xx_it.o(i.SysTick_Handler)
    SystemClock_Config                       0x08003ecd   Thumb Code   136  main.o(i.SystemClock_Config)
    SystemInit                               0x08003f59   Thumb Code    12  system_stm32l4xx.o(i.SystemInit)
    TIM2_IRQHandler                          0x08003f69   Thumb Code     6  stm32l4xx_it.o(i.TIM2_IRQHandler)
    TIM_Base_SetConfig                       0x08003f75   Thumb Code    94  stm32l4xx_hal_tim.o(i.TIM_Base_SetConfig)
    TIM_CCxChannelCmd                        0x08003fe1   Thumb Code    26  stm32l4xx_hal_tim.o(i.TIM_CCxChannelCmd)
    TIM_ETR_SetConfig                        0x08003ffb   Thumb Code    20  stm32l4xx_hal_tim.o(i.TIM_ETR_SetConfig)
    TIM_OC2_SetConfig                        0x08004099   Thumb Code   102  stm32l4xx_hal_tim.o(i.TIM_OC2_SetConfig)
    UART_AdvFeatureConfig                    0x080042e3   Thumb Code   200  stm32l4xx_hal_uart.o(i.UART_AdvFeatureConfig)
    UART_CheckIdleState                      0x080043ab   Thumb Code    92  stm32l4xx_hal_uart.o(i.UART_CheckIdleState)
    UART_SetConfig                           0x080045a1   Thumb Code   448  stm32l4xx_hal_uart.o(i.UART_SetConfig)
    UART_Start_Receive_IT                    0x0800477d   Thumb Code   176  stm32l4xx_hal_uart.o(i.UART_Start_Receive_IT)
    UART_WaitOnFlagUntilTimeout              0x08004835   Thumb Code   198  stm32l4xx_hal_uart.o(i.UART_WaitOnFlagUntilTimeout)
    USART1_IRQHandler                        0x080048fd   Thumb Code     6  stm32l4xx_it.o(i.USART1_IRQHandler)
    USART2_IRQHandler                        0x08004909   Thumb Code     6  stm32l4xx_it.o(i.USART2_IRQHandler)
    UsageFault_Handler                       0x08004915   Thumb Code     2  stm32l4xx_it.o(i.UsageFault_Handler)
    __ARM_fpclassify                         0x08004917   Thumb Code    48  fpclassify.o(i.__ARM_fpclassify)
    _is_digit                                0x08004967   Thumb Code    14  __printf_wp.o(i._is_digit)
    main                                     0x08004975   Thumb Code   108  main.o(i.main)
    _get_lc_numeric                          0x080049f1   Thumb Code    44  lc_numeric_c.o(locale$$code)
    __fpl_dretinf                            0x08004a1d   Thumb Code    12  dretinf.o(x$fpl$dretinf)
    __aeabi_f2d                              0x08004a29   Thumb Code     0  f2d.o(x$fpl$f2d)
    _f2d                                     0x08004a29   Thumb Code    86  f2d.o(x$fpl$f2d)
    __fpl_fnaninf                            0x08004a7f   Thumb Code   140  fnaninf.o(x$fpl$fnaninf)
    _fp_init                                 0x08004b0b   Thumb Code    10  fpinit.o(x$fpl$fpinit)
    __fplib_config_fpu_vfp                   0x08004b13   Thumb Code     0  fpinit.o(x$fpl$fpinit)
    __fplib_config_pureend_doubles           0x08004b13   Thumb Code     0  fpinit.o(x$fpl$fpinit)
    _printf_fp_dec                           0x08004b15   Thumb Code     4  printf1.o(x$fpl$printf1)
    AHBPrescTable                            0x08004b18   Data          16  system_stm32l4xx.o(.constdata)
    __I$use$fp                               0x08004b18   Number         0  usenofp.o(x$fpl$usenofp)
    MSIRangeTable                            0x08004b28   Data          48  system_stm32l4xx.o(.constdata)
    APBPrescTable                            0x08004b58   Data           8  system_stm32l4xx.o(.constdata)
    Region$$Table$$Base                      0x08004c08   Number         0  anon$$obj.o(Region$$Table)
    Region$$Table$$Limit                     0x08004c28   Number         0  anon$$obj.o(Region$$Table)
    rxtemp                                   0x20000000   Data           1  main.o(.data)
    raw                                      0x20000004   Data           4  main.o(.data)
    TempValue                                0x20000008   Data           4  main.o(.data)
    uwTickFreq                               0x2000000c   Data           1  stm32l4xx_hal.o(.data)
    uwTickPrio                               0x20000010   Data           4  stm32l4xx_hal.o(.data)
    uwTick                                   0x20000014   Data           4  stm32l4xx_hal.o(.data)
    SystemCoreClock                          0x20000018   Data           4  system_stm32l4xx.o(.data)
    uartBuff                                 0x2000001c   Data         100  main.o(.bss)
    hadc1                                    0x20000080   Data         100  main.o(.bss)
    htim1                                    0x200000e4   Data          76  main.o(.bss)
    htim2                                    0x20000130   Data          76  main.o(.bss)
    huart1                                   0x2000017c   Data         132  main.o(.bss)
    huart2                                   0x20000200   Data         132  main.o(.bss)
    __libspace_start                         0x20000284   Data          96  libspace.o(.bss)
    __temporary_stack_top$libspace           0x200002e4   Data           0  libspace.o(.bss)



==============================================================================

Memory Map of the image

  Image Entry point : 0x0800018d

  Load Region LR_IROM1 (Base: 0x08000000, Size: 0x00004c60, Max: 0x00040000, ABSOLUTE)

    Execution Region ER_IROM1 (Exec base: 0x08000000, Load base: 0x08000000, Size: 0x00004c44, Max: 0x00040000, ABSOLUTE)

    Exec Addr    Load Addr    Size         Type   Attr      Idx    E Section Name        Object

    0x08000000   0x08000000   0x0000018c   Data   RO            3    RESET               startup_stm32l432xx.o
    0x0800018c   0x0800018c   0x00000008   Code   RO         4284  * !!!main             c_w.l(__main.o)
    0x08000194   0x08000194   0x00000034   Code   RO         4514    !!!scatter          c_w.l(__scatter.o)
    0x080001c8   0x080001c8   0x0000001a   Code   RO         4516    !!handler_copy      c_w.l(__scatter_copy.o)
    0x080001e2   0x080001e2   0x00000002   PAD
    0x080001e4   0x080001e4   0x0000001c   Code   RO         4518    !!handler_zi        c_w.l(__scatter_zi.o)
    0x08000200   0x08000200   0x00000000   Code   RO         4279    .ARM.Collect$$_printf_percent$$00000000  c_w.l(_printf_percent.o)
    0x08000200   0x08000200   0x00000006   Code   RO         4278    .ARM.Collect$$_printf_percent$$00000003  c_w.l(_printf_f.o)
    0x08000206   0x08000206   0x00000004   Code   RO         4301    .ARM.Collect$$_printf_percent$$00000017  c_w.l(_printf_percent_end.o)
    0x0800020a   0x0800020a   0x00000002   Code   RO         4385    .ARM.Collect$$libinit$$00000000  c_w.l(libinit.o)
    0x0800020c   0x0800020c   0x00000004   Code   RO         4386    .ARM.Collect$$libinit$$00000001  c_w.l(libinit2.o)
    0x08000210   0x08000210   0x00000000   Code   RO         4389    .ARM.Collect$$libinit$$00000004  c_w.l(libinit2.o)
    0x08000210   0x08000210   0x00000000   Code   RO         4392    .ARM.Collect$$libinit$$0000000A  c_w.l(libinit2.o)
    0x08000210   0x08000210   0x00000000   Code   RO         4394    .ARM.Collect$$libinit$$0000000C  c_w.l(libinit2.o)
    0x08000210   0x08000210   0x00000000   Code   RO         4396    .ARM.Collect$$libinit$$0000000E  c_w.l(libinit2.o)
    0x08000210   0x08000210   0x00000006   Code   RO         4397    .ARM.Collect$$libinit$$0000000F  c_w.l(libinit2.o)
    0x08000216   0x08000216   0x00000000   Code   RO         4399    .ARM.Collect$$libinit$$00000011  c_w.l(libinit2.o)
    0x08000216   0x08000216   0x00000000   Code   RO         4401    .ARM.Collect$$libinit$$00000013  c_w.l(libinit2.o)
    0x08000216   0x08000216   0x00000000   Code   RO         4403    .ARM.Collect$$libinit$$00000015  c_w.l(libinit2.o)
    0x08000216   0x08000216   0x0000000a   Code   RO         4404    .ARM.Collect$$libinit$$00000016  c_w.l(libinit2.o)
    0x08000220   0x08000220   0x00000000   Code   RO         4405    .ARM.Collect$$libinit$$00000017  c_w.l(libinit2.o)
    0x08000220   0x08000220   0x00000000   Code   RO         4407    .ARM.Collect$$libinit$$00000019  c_w.l(libinit2.o)
    0x08000220   0x08000220   0x00000000   Code   RO         4409    .ARM.Collect$$libinit$$0000001B  c_w.l(libinit2.o)
    0x08000220   0x08000220   0x00000000   Code   RO         4411    .ARM.Collect$$libinit$$0000001D  c_w.l(libinit2.o)
    0x08000220   0x08000220   0x00000000   Code   RO         4413    .ARM.Collect$$libinit$$0000001F  c_w.l(libinit2.o)
    0x08000220   0x08000220   0x00000000   Code   RO         4415    .ARM.Collect$$libinit$$00000021  c_w.l(libinit2.o)
    0x08000220   0x08000220   0x00000000   Code   RO         4417    .ARM.Collect$$libinit$$00000023  c_w.l(libinit2.o)
    0x08000220   0x08000220   0x00000000   Code   RO         4419    .ARM.Collect$$libinit$$00000025  c_w.l(libinit2.o)
    0x08000220   0x08000220   0x00000000   Code   RO         4423    .ARM.Collect$$libinit$$0000002C  c_w.l(libinit2.o)
    0x08000220   0x08000220   0x00000000   Code   RO         4425    .ARM.Collect$$libinit$$0000002E  c_w.l(libinit2.o)
    0x08000220   0x08000220   0x00000000   Code   RO         4427    .ARM.Collect$$libinit$$00000030  c_w.l(libinit2.o)
    0x08000220   0x08000220   0x00000000   Code   RO         4429    .ARM.Collect$$libinit$$00000032  c_w.l(libinit2.o)
    0x08000220   0x08000220   0x00000002   Code   RO         4430    .ARM.Collect$$libinit$$00000033  c_w.l(libinit2.o)
    0x08000222   0x08000222   0x00000002   Code   RO         4477    .ARM.Collect$$libshutdown$$00000000  c_w.l(libshutdown.o)
    0x08000224   0x08000224   0x00000000   Code   RO         4495    .ARM.Collect$$libshutdown$$00000002  c_w.l(libshutdown2.o)
    0x08000224   0x08000224   0x00000000   Code   RO         4497    .ARM.Collect$$libshutdown$$00000004  c_w.l(libshutdown2.o)
    0x08000224   0x08000224   0x00000000   Code   RO         4499    .ARM.Collect$$libshutdown$$00000006  c_w.l(libshutdown2.o)
    0x08000224   0x08000224   0x00000000   Code   RO         4502    .ARM.Collect$$libshutdown$$00000009  c_w.l(libshutdown2.o)
    0x08000224   0x08000224   0x00000000   Code   RO         4505    .ARM.Collect$$libshutdown$$0000000C  c_w.l(libshutdown2.o)
    0x08000224   0x08000224   0x00000000   Code   RO         4507    .ARM.Collect$$libshutdown$$0000000E  c_w.l(libshutdown2.o)
    0x08000224   0x08000224   0x00000000   Code   RO         4510    .ARM.Collect$$libshutdown$$00000011  c_w.l(libshutdown2.o)
    0x08000224   0x08000224   0x00000002   Code   RO         4511    .ARM.Collect$$libshutdown$$00000012  c_w.l(libshutdown2.o)
    0x08000226   0x08000226   0x00000000   Code   RO         4290    .ARM.Collect$$rtentry$$00000000  c_w.l(__rtentry.o)
    0x08000226   0x08000226   0x00000000   Code   RO         4308    .ARM.Collect$$rtentry$$00000002  c_w.l(__rtentry2.o)
    0x08000226   0x08000226   0x00000006   Code   RO         4320    .ARM.Collect$$rtentry$$00000004  c_w.l(__rtentry4.o)
    0x0800022c   0x0800022c   0x00000000   Code   RO         4310    .ARM.Collect$$rtentry$$00000009  c_w.l(__rtentry2.o)
    0x0800022c   0x0800022c   0x00000004   Code   RO         4311    .ARM.Collect$$rtentry$$0000000A  c_w.l(__rtentry2.o)
    0x08000230   0x08000230   0x00000000   Code   RO         4313    .ARM.Collect$$rtentry$$0000000C  c_w.l(__rtentry2.o)
    0x08000230   0x08000230   0x00000008   Code   RO         4314    .ARM.Collect$$rtentry$$0000000D  c_w.l(__rtentry2.o)
    0x08000238   0x08000238   0x00000002   Code   RO         4431    .ARM.Collect$$rtexit$$00000000  c_w.l(rtexit.o)
    0x0800023a   0x0800023a   0x00000000   Code   RO         4446    .ARM.Collect$$rtexit$$00000002  c_w.l(rtexit2.o)
    0x0800023a   0x0800023a   0x00000004   Code   RO         4447    .ARM.Collect$$rtexit$$00000003  c_w.l(rtexit2.o)
    0x0800023e   0x0800023e   0x00000006   Code   RO         4448    .ARM.Collect$$rtexit$$00000004  c_w.l(rtexit2.o)
    0x08000244   0x08000244   0x00000040   Code   RO            4    .text               startup_stm32l432xx.o
    0x08000284   0x08000284   0x000000ee   Code   RO         4250    .text               c_w.l(lludivv7m.o)
    0x08000372   0x08000372   0x00000002   PAD
    0x08000374   0x08000374   0x00000028   Code   RO         4254    .text               c_w.l(noretval__2sprintf.o)
    0x0800039c   0x0800039c   0x0000013e   Code   RO         4270    .text               c_w.l(__printf_flags_wp.o)
    0x080004da   0x080004da   0x0000004e   Code   RO         4280    .text               c_w.l(rt_memclr_w.o)
    0x08000528   0x08000528   0x00000006   Code   RO         4282    .text               c_w.l(heapauxi.o)
    0x0800052e   0x0800052e   0x00000424   Code   RO         4295    .text               c_w.l(_printf_fp_dec.o)
    0x08000952   0x08000952   0x00000002   PAD
    0x08000954   0x08000954   0x00000030   Code   RO         4297    .text               c_w.l(_printf_char_common.o)
    0x08000984   0x08000984   0x0000000a   Code   RO         4299    .text               c_w.l(_sputc.o)
    0x0800098e   0x0800098e   0x00000002   PAD
    0x08000990   0x08000990   0x00000008   Code   RO         4327    .text               c_w.l(rt_locale_intlibspace.o)
    0x08000998   0x08000998   0x0000008a   Code   RO         4329    .text               c_w.l(lludiv10.o)
    0x08000a22   0x08000a22   0x00000002   PAD
    0x08000a24   0x08000a24   0x00000080   Code   RO         4331    .text               c_w.l(_printf_fp_infnan.o)
    0x08000aa4   0x08000aa4   0x000000e4   Code   RO         4335    .text               c_w.l(bigflt0.o)
    0x08000b88   0x08000b88   0x00000008   Code   RO         4367    .text               c_w.l(libspace.o)
    0x08000b90   0x08000b90   0x0000004a   Code   RO         4370    .text               c_w.l(sys_stackheap_outer.o)
    0x08000bda   0x08000bda   0x00000012   Code   RO         4372    .text               c_w.l(exit.o)
    0x08000bec   0x08000bec   0x00000080   Code   RO         4378    .text               c_w.l(strcmpv7m.o)
    0x08000c6c   0x08000c6c   0x0000000c   Code   RO         4443    .text               c_w.l(sys_exit.o)
    0x08000c78   0x08000c78   0x00000002   Code   RO         4464    .text               c_w.l(use_no_semi.o)
    0x08000c7a   0x08000c7a   0x00000000   Code   RO         4466    .text               c_w.l(indicate_semi.o)
    0x08000c7a   0x08000c7a   0x0000003e   Code   RO         4338    CL$$btod_d2e        c_w.l(btod.o)
    0x08000cb8   0x08000cb8   0x00000046   Code   RO         4340    CL$$btod_d2e_denorm_low  c_w.l(btod.o)
    0x08000cfe   0x08000cfe   0x00000060   Code   RO         4339    CL$$btod_d2e_norm_op1  c_w.l(btod.o)
    0x08000d5e   0x08000d5e   0x00000338   Code   RO         4348    CL$$btod_div_common  c_w.l(btod.o)
    0x08001096   0x08001096   0x000000dc   Code   RO         4345    CL$$btod_e2e        c_w.l(btod.o)
    0x08001172   0x08001172   0x0000002a   Code   RO         4342    CL$$btod_ediv       c_w.l(btod.o)
    0x0800119c   0x0800119c   0x0000002a   Code   RO         4341    CL$$btod_emul       c_w.l(btod.o)
    0x080011c6   0x080011c6   0x00000244   Code   RO         4347    CL$$btod_mult_common  c_w.l(btod.o)
    0x0800140a   0x0800140a   0x00000002   PAD
    0x0800140c   0x0800140c   0x0000000c   Code   RO          218    i.ADC1_IRQHandler   stm32l4xx_it.o
    0x08001418   0x08001418   0x00000070   Code   RO          388    i.ADC_Disable       stm32l4xx_hal_adc.o
    0x08001488   0x08001488   0x000000ac   Code   RO          389    i.ADC_Enable        stm32l4xx_hal_adc.o
    0x08001534   0x08001534   0x00000002   Code   RO          219    i.BusFault_Handler  stm32l4xx_it.o
    0x08001536   0x08001536   0x00000002   Code   RO          220    i.DebugMon_Handler  stm32l4xx_it.o
    0x08001538   0x08001538   0x00000004   Code   RO           13    i.Error_Handler     main.o
    0x0800153c   0x0800153c   0x00000090   Code   RO          615    i.HAL_ADCEx_Calibration_Start  stm32l4xx_hal_adc_ex.o
    0x080015cc   0x080015cc   0x00000002   Code   RO          619    i.HAL_ADCEx_EndOfSamplingCallback  stm32l4xx_hal_adc_ex.o
    0x080015ce   0x080015ce   0x00000002   Code   RO          622    i.HAL_ADCEx_InjectedConvCpltCallback  stm32l4xx_hal_adc_ex.o
    0x080015d0   0x080015d0   0x00000002   Code   RO          625    i.HAL_ADCEx_InjectedQueueOverflowCallback  stm32l4xx_hal_adc_ex.o
    0x080015d2   0x080015d2   0x00000002   Code   RO          630    i.HAL_ADCEx_LevelOutOfWindow2Callback  stm32l4xx_hal_adc_ex.o
    0x080015d4   0x080015d4   0x00000002   Code   RO          631    i.HAL_ADCEx_LevelOutOfWindow3Callback  stm32l4xx_hal_adc_ex.o
    0x080015d6   0x080015d6   0x00000002   PAD
    0x080015d8   0x080015d8   0x000003f2   Code   RO          391    i.HAL_ADC_ConfigChannel  stm32l4xx_hal_adc.o
    0x080019ca   0x080019ca   0x00000002   PAD
    0x080019cc   0x080019cc   0x0000007c   Code   RO           14    i.HAL_ADC_ConvCpltCallback  main.o
    0x08001a48   0x08001a48   0x00000002   Code   RO          395    i.HAL_ADC_ErrorCallback  stm32l4xx_hal_adc.o
    0x08001a4a   0x08001a4a   0x00000006   Code   RO          398    i.HAL_ADC_GetValue  stm32l4xx_hal_adc.o
    0x08001a50   0x08001a50   0x00000202   Code   RO          399    i.HAL_ADC_IRQHandler  stm32l4xx_hal_adc.o
    0x08001c52   0x08001c52   0x00000002   PAD
    0x08001c54   0x08001c54   0x000001b0   Code   RO          400    i.HAL_ADC_Init      stm32l4xx_hal_adc.o
    0x08001e04   0x08001e04   0x00000002   Code   RO          401    i.HAL_ADC_LevelOutOfWindowCallback  stm32l4xx_hal_adc.o
    0x08001e06   0x08001e06   0x00000002   PAD
    0x08001e08   0x08001e08   0x000000a0   Code   RO          319    i.HAL_ADC_MspInit   stm32l4xx_hal_msp.o
    0x08001ea8   0x08001ea8   0x000000e0   Code   RO          408    i.HAL_ADC_Start_IT  stm32l4xx_hal_adc.o
    0x08001f88   0x08001f88   0x0000004a   Code   RO         2081    i.HAL_DMA_Abort     stm32l4xx_hal_dma.o
    0x08001fd2   0x08001fd2   0x0000004e   Code   RO         2082    i.HAL_DMA_Abort_IT  stm32l4xx_hal_dma.o
    0x08002020   0x08002020   0x00000024   Code   RO          798    i.HAL_Delay         stm32l4xx_hal.o
    0x08002044   0x08002044   0x00000202   Code   RO         2017    i.HAL_GPIO_Init     stm32l4xx_hal_gpio.o
    0x08002246   0x08002246   0x0000000a   Code   RO         2021    i.HAL_GPIO_WritePin  stm32l4xx_hal_gpio.o
    0x08002250   0x08002250   0x0000000c   Code   RO          802    i.HAL_GetTick       stm32l4xx_hal.o
    0x0800225c   0x0800225c   0x00000010   Code   RO          808    i.HAL_IncTick       stm32l4xx_hal.o
    0x0800226c   0x0800226c   0x0000001e   Code   RO          809    i.HAL_Init          stm32l4xx_hal.o
    0x0800228a   0x0800228a   0x00000002   PAD
    0x0800228c   0x0800228c   0x00000044   Code   RO          810    i.HAL_InitTick      stm32l4xx_hal.o
    0x080022d0   0x080022d0   0x0000002c   Code   RO          320    i.HAL_MspInit       stm32l4xx_hal_msp.o
    0x080022fc   0x080022fc   0x0000001a   Code   RO         2534    i.HAL_NVIC_EnableIRQ  stm32l4xx_hal_cortex.o
    0x08002316   0x08002316   0x00000002   PAD
    0x08002318   0x08002318   0x00000040   Code   RO         2540    i.HAL_NVIC_SetPriority  stm32l4xx_hal_cortex.o
    0x08002358   0x08002358   0x00000024   Code   RO         2541    i.HAL_NVIC_SetPriorityGrouping  stm32l4xx_hal_cortex.o
    0x0800237c   0x0800237c   0x00000068   Code   RO         2308    i.HAL_PWREx_ControlVoltageScaling  stm32l4xx_hal_pwr_ex.o
    0x080023e4   0x080023e4   0x00000010   Code   RO         2335    i.HAL_PWREx_GetVoltageRange  stm32l4xx_hal_pwr_ex.o
    0x080023f4   0x080023f4   0x00000010   Code   RO         2200    i.HAL_PWR_EnableBkUpAccess  stm32l4xx_hal_pwr.o
    0x08002404   0x08002404   0x00000010   Code   RO         1644    i.HAL_RCCEx_EnableMSIPLLMode  stm32l4xx_hal_rcc_ex.o
    0x08002414   0x08002414   0x0000028a   Code   RO         1650    i.HAL_RCCEx_PeriphCLKConfig  stm32l4xx_hal_rcc_ex.o
    0x0800269e   0x0800269e   0x00000002   PAD
    0x080026a0   0x080026a0   0x00000144   Code   RO         1522    i.HAL_RCC_ClockConfig  stm32l4xx_hal_rcc.o
    0x080027e4   0x080027e4   0x00000024   Code   RO         1528    i.HAL_RCC_GetPCLK1Freq  stm32l4xx_hal_rcc.o
    0x08002808   0x08002808   0x00000024   Code   RO         1529    i.HAL_RCC_GetPCLK2Freq  stm32l4xx_hal_rcc.o
    0x0800282c   0x0800282c   0x000000a4   Code   RO         1531    i.HAL_RCC_GetSysClockFreq  stm32l4xx_hal_rcc.o
    0x080028d0   0x080028d0   0x00000560   Code   RO         1534    i.HAL_RCC_OscConfig  stm32l4xx_hal_rcc.o
    0x08002e30   0x08002e30   0x00000028   Code   RO         2545    i.HAL_SYSTICK_Config  stm32l4xx_hal_cortex.o
    0x08002e58   0x08002e58   0x00000002   Code   RO         3452    i.HAL_TIMEx_Break2Callback  stm32l4xx_hal_tim_ex.o
    0x08002e5a   0x08002e5a   0x00000002   Code   RO         3453    i.HAL_TIMEx_BreakCallback  stm32l4xx_hal_tim_ex.o
    0x08002e5c   0x08002e5c   0x00000002   Code   RO         3454    i.HAL_TIMEx_CommutCallback  stm32l4xx_hal_tim_ex.o
    0x08002e5e   0x08002e5e   0x00000002   PAD
    0x08002e60   0x08002e60   0x0000006c   Code   RO         3474    i.HAL_TIMEx_MasterConfigSynchronization  stm32l4xx_hal_tim_ex.o
    0x08002ecc   0x08002ecc   0x00000062   Code   RO         2738    i.HAL_TIM_Base_Init  stm32l4xx_hal_tim.o
    0x08002f2e   0x08002f2e   0x00000002   PAD
    0x08002f30   0x08002f30   0x00000050   Code   RO          322    i.HAL_TIM_Base_MspInit  stm32l4xx_hal_msp.o
    0x08002f80   0x08002f80   0x00000050   Code   RO         2741    i.HAL_TIM_Base_Start  stm32l4xx_hal_tim.o
    0x08002fd0   0x08002fd0   0x000000e0   Code   RO         2747    i.HAL_TIM_ConfigClockSource  stm32l4xx_hal_tim.o
    0x080030b0   0x080030b0   0x00000002   Code   RO         2772    i.HAL_TIM_IC_CaptureCallback  stm32l4xx_hal_tim.o
    0x080030b2   0x080030b2   0x00000184   Code   RO         2786    i.HAL_TIM_IRQHandler  stm32l4xx_hal_tim.o
    0x08003236   0x08003236   0x00000002   PAD
    0x08003238   0x08003238   0x0000004c   Code   RO          323    i.HAL_TIM_MspPostInit  stm32l4xx_hal_msp.o
    0x08003284   0x08003284   0x00000002   Code   RO         2789    i.HAL_TIM_OC_DelayElapsedCallback  stm32l4xx_hal_tim.o
    0x08003286   0x08003286   0x00000124   Code   RO         2810    i.HAL_TIM_PWM_ConfigChannel  stm32l4xx_hal_tim.o
    0x080033aa   0x080033aa   0x00000062   Code   RO         2813    i.HAL_TIM_PWM_Init  stm32l4xx_hal_tim.o
    0x0800340c   0x0800340c   0x00000002   Code   RO         2815    i.HAL_TIM_PWM_MspInit  stm32l4xx_hal_tim.o
    0x0800340e   0x0800340e   0x00000002   Code   RO         2816    i.HAL_TIM_PWM_PulseFinishedCallback  stm32l4xx_hal_tim.o
    0x08003410   0x08003410   0x000000d0   Code   RO         2818    i.HAL_TIM_PWM_Start  stm32l4xx_hal_tim.o
    0x080034e0   0x080034e0   0x00000002   Code   RO         2824    i.HAL_TIM_PeriodElapsedCallback  stm32l4xx_hal_tim.o
    0x080034e2   0x080034e2   0x00000002   Code   RO         2829    i.HAL_TIM_TriggerCallback  stm32l4xx_hal_tim.o
    0x080034e4   0x080034e4   0x00000002   Code   RO         3746    i.HAL_UARTEx_RxEventCallback  stm32l4xx_hal_uart.o
    0x080034e6   0x080034e6   0x00000002   Code   RO         4139    i.HAL_UARTEx_WakeupCallback  stm32l4xx_hal_uart_ex.o
    0x080034e8   0x080034e8   0x00000002   Code   RO         3762    i.HAL_UART_ErrorCallback  stm32l4xx_hal_uart.o
    0x080034ea   0x080034ea   0x00000002   PAD
    0x080034ec   0x080034ec   0x00000294   Code   RO         3765    i.HAL_UART_IRQHandler  stm32l4xx_hal_uart.o
    0x08003780   0x08003780   0x00000066   Code   RO         3766    i.HAL_UART_Init     stm32l4xx_hal_uart.o
    0x080037e6   0x080037e6   0x00000002   PAD
    0x080037e8   0x080037e8   0x0000010c   Code   RO          325    i.HAL_UART_MspInit  stm32l4xx_hal_msp.o
    0x080038f4   0x080038f4   0x00000054   Code   RO         3771    i.HAL_UART_Receive_IT  stm32l4xx_hal_uart.o
    0x08003948   0x08003948   0x0000003c   Code   RO           15    i.HAL_UART_RxCpltCallback  main.o
    0x08003984   0x08003984   0x000000b6   Code   RO         3775    i.HAL_UART_Transmit  stm32l4xx_hal_uart.o
    0x08003a3a   0x08003a3a   0x00000002   Code   RO         3778    i.HAL_UART_TxCpltCallback  stm32l4xx_hal_uart.o
    0x08003a3c   0x08003a3c   0x00000002   Code   RO          221    i.HardFault_Handler  stm32l4xx_it.o
    0x08003a3e   0x08003a3e   0x0000000c   Code   RO          413    i.LL_ADC_GetOffsetChannel  stm32l4xx_hal_adc.o
    0x08003a4a   0x08003a4a   0x00000008   Code   RO          414    i.LL_ADC_INJ_IsConversionOngoing  stm32l4xx_hal_adc.o
    0x08003a52   0x08003a52   0x00000008   Code   RO          415    i.LL_ADC_REG_IsConversionOngoing  stm32l4xx_hal_adc.o
    0x08003a5a   0x08003a5a   0x00000010   Code   RO          416    i.LL_ADC_REG_IsTriggerSourceSWStart  stm32l4xx_hal_adc.o
    0x08003a6a   0x08003a6a   0x0000001e   Code   RO          418    i.LL_ADC_SetChannelSamplingTime  stm32l4xx_hal_adc.o
    0x08003a88   0x08003a88   0x00000010   Code   RO          419    i.LL_ADC_SetOffsetState  stm32l4xx_hal_adc.o
    0x08003a98   0x08003a98   0x00000078   Code   RO           16    i.MX_ADC1_Init      main.o
    0x08003b10   0x08003b10   0x0000008c   Code   RO           17    i.MX_GPIO_Init      main.o
    0x08003b9c   0x08003b9c   0x0000006c   Code   RO           18    i.MX_TIM1_Init      main.o
    0x08003c08   0x08003c08   0x0000009c   Code   RO           19    i.MX_TIM2_Init      main.o
    0x08003ca4   0x08003ca4   0x00000038   Code   RO           20    i.MX_USART1_UART_Init  main.o
    0x08003cdc   0x08003cdc   0x00000038   Code   RO           21    i.MX_USART2_UART_Init  main.o
    0x08003d14   0x08003d14   0x00000002   Code   RO          222    i.MemManage_Handler  stm32l4xx_it.o
    0x08003d16   0x08003d16   0x00000002   Code   RO          223    i.NMI_Handler       stm32l4xx_it.o
    0x08003d18   0x08003d18   0x00000002   Code   RO          224    i.PendSV_Handler    stm32l4xx_it.o
    0x08003d1a   0x08003d1a   0x00000002   PAD
    0x08003d1c   0x08003d1c   0x0000012c   Code   RO         1654    i.RCCEx_PLLSAI1_Config  stm32l4xx_hal_rcc_ex.o
    0x08003e48   0x08003e48   0x0000007c   Code   RO         1535    i.RCC_SetFlashLatencyFromMSIRange  stm32l4xx_hal_rcc.o
    0x08003ec4   0x08003ec4   0x00000002   Code   RO          225    i.SVC_Handler       stm32l4xx_it.o
    0x08003ec6   0x08003ec6   0x00000004   Code   RO          226    i.SysTick_Handler   stm32l4xx_it.o
    0x08003eca   0x08003eca   0x00000002   PAD
    0x08003ecc   0x08003ecc   0x0000008c   Code   RO           22    i.SystemClock_Config  main.o
    0x08003f58   0x08003f58   0x00000010   Code   RO         4214    i.SystemInit        system_stm32l4xx.o
    0x08003f68   0x08003f68   0x0000000c   Code   RO          227    i.TIM2_IRQHandler   stm32l4xx_it.o
    0x08003f74   0x08003f74   0x0000006c   Code   RO         2831    i.TIM_Base_SetConfig  stm32l4xx_hal_tim.o
    0x08003fe0   0x08003fe0   0x0000001a   Code   RO         2832    i.TIM_CCxChannelCmd  stm32l4xx_hal_tim.o
    0x08003ffa   0x08003ffa   0x00000014   Code   RO         2842    i.TIM_ETR_SetConfig  stm32l4xx_hal_tim.o
    0x0800400e   0x0800400e   0x00000010   Code   RO         2843    i.TIM_ITRx_SetConfig  stm32l4xx_hal_tim.o
    0x0800401e   0x0800401e   0x00000002   PAD
    0x08004020   0x08004020   0x00000078   Code   RO         2844    i.TIM_OC1_SetConfig  stm32l4xx_hal_tim.o
    0x08004098   0x08004098   0x00000078   Code   RO         2845    i.TIM_OC2_SetConfig  stm32l4xx_hal_tim.o
    0x08004110   0x08004110   0x00000074   Code   RO         2846    i.TIM_OC3_SetConfig  stm32l4xx_hal_tim.o
    0x08004184   0x08004184   0x00000060   Code   RO         2847    i.TIM_OC4_SetConfig  stm32l4xx_hal_tim.o
    0x080041e4   0x080041e4   0x0000005c   Code   RO         2848    i.TIM_OC5_SetConfig  stm32l4xx_hal_tim.o
    0x08004240   0x08004240   0x0000005c   Code   RO         2849    i.TIM_OC6_SetConfig  stm32l4xx_hal_tim.o
    0x0800429c   0x0800429c   0x00000022   Code   RO         2851    i.TIM_TI1_ConfigInputStage  stm32l4xx_hal_tim.o
    0x080042be   0x080042be   0x00000024   Code   RO         2853    i.TIM_TI2_ConfigInputStage  stm32l4xx_hal_tim.o
    0x080042e2   0x080042e2   0x000000c8   Code   RO         3780    i.UART_AdvFeatureConfig  stm32l4xx_hal_uart.o
    0x080043aa   0x080043aa   0x0000005c   Code   RO         3781    i.UART_CheckIdleState  stm32l4xx_hal_uart.o
    0x08004406   0x08004406   0x00000014   Code   RO         3782    i.UART_DMAAbortOnError  stm32l4xx_hal_uart.o
    0x0800441a   0x0800441a   0x0000004a   Code   RO         3792    i.UART_EndRxTransfer  stm32l4xx_hal_uart.o
    0x08004464   0x08004464   0x0000009e   Code   RO         3794    i.UART_RxISR_16BIT  stm32l4xx_hal_uart.o
    0x08004502   0x08004502   0x0000009e   Code   RO         3795    i.UART_RxISR_8BIT   stm32l4xx_hal_uart.o
    0x080045a0   0x080045a0   0x000001dc   Code   RO         3796    i.UART_SetConfig    stm32l4xx_hal_uart.o
    0x0800477c   0x0800477c   0x000000b8   Code   RO         3798    i.UART_Start_Receive_IT  stm32l4xx_hal_uart.o
    0x08004834   0x08004834   0x000000c6   Code   RO         3801    i.UART_WaitOnFlagUntilTimeout  stm32l4xx_hal_uart.o
    0x080048fa   0x080048fa   0x00000002   PAD
    0x080048fc   0x080048fc   0x0000000c   Code   RO          228    i.USART1_IRQHandler  stm32l4xx_it.o
    0x08004908   0x08004908   0x0000000c   Code   RO          229    i.USART2_IRQHandler  stm32l4xx_it.o
    0x08004914   0x08004914   0x00000002   Code   RO          230    i.UsageFault_Handler  stm32l4xx_it.o
    0x08004916   0x08004916   0x00000030   Code   RO         4365    i.__ARM_fpclassify  m_wm.l(fpclassify.o)
    0x08004946   0x08004946   0x00000020   Code   RO         2547    i.__NVIC_SetPriority  stm32l4xx_hal_cortex.o
    0x08004966   0x08004966   0x0000000e   Code   RO         4268    i._is_digit         c_w.l(__printf_wp.o)
    0x08004974   0x08004974   0x0000007c   Code   RO           23    i.main              main.o
    0x080049f0   0x080049f0   0x0000002c   Code   RO         4361    locale$$code        c_w.l(lc_numeric_c.o)
    0x08004a1c   0x08004a1c   0x0000000c   Code   RO         4302    x$fpl$dretinf       fz_wm.l(dretinf.o)
    0x08004a28   0x08004a28   0x00000056   Code   RO         4286    x$fpl$f2d           fz_wm.l(f2d.o)
    0x08004a7e   0x08004a7e   0x0000008c   Code   RO         4304    x$fpl$fnaninf       fz_wm.l(fnaninf.o)
    0x08004b0a   0x08004b0a   0x0000000a   Code   RO         4441    x$fpl$fpinit        fz_wm.l(fpinit.o)
    0x08004b14   0x08004b14   0x00000004   Code   RO         4288    x$fpl$printf1       fz_wm.l(printf1.o)
    0x08004b18   0x08004b18   0x00000000   Code   RO         4306    x$fpl$usenofp       fz_wm.l(usenofp.o)
    0x08004b18   0x08004b18   0x00000040   Data   RO         4215    .constdata          system_stm32l4xx.o
    0x08004b58   0x08004b58   0x00000008   Data   RO         4216    .constdata          system_stm32l4xx.o
    0x08004b60   0x08004b60   0x00000011   Data   RO         4271    .constdata          c_w.l(__printf_flags_wp.o)
    0x08004b71   0x08004b71   0x00000003   PAD
    0x08004b74   0x08004b74   0x00000094   Data   RO         4336    .constdata          c_w.l(bigflt0.o)
    0x08004c08   0x08004c08   0x00000020   Data   RO         4512    Region$$Table       anon$$obj.o
    0x08004c28   0x08004c28   0x0000001c   Data   RO         4360    locale$$data        c_w.l(lc_numeric_c.o)


    Execution Region RW_IRAM2 (Exec base: 0x10000000, Load base: 0x08004c60, Size: 0x00000000, Max: 0x00004000, ABSOLUTE)

    **** No section assigned to this execution region ****


    Execution Region RW_IRAM1 (Exec base: 0x20000000, Load base: 0x08004c44, Size: 0x000008e8, Max: 0x0000c000, ABSOLUTE)

    Exec Addr    Load Addr    Size         Type   Attr      Idx    E Section Name        Object

    0x20000000   0x08004c44   0x0000000c   Data   RW           25    .data               main.o
    0x2000000c   0x08004c50   0x0000000c   Data   RW          821    .data               stm32l4xx_hal.o
    0x20000018   0x08004c5c   0x00000004   Data   RW         4217    .data               system_stm32l4xx.o
    0x2000001c        -       0x00000268   Zero   RW           24    .bss                main.o
    0x20000284        -       0x00000060   Zero   RW         4368    .bss                c_w.l(libspace.o)
    0x200002e4   0x08004c60   0x00000004   PAD
    0x200002e8        -       0x00000200   Zero   RW            2    HEAP                startup_stm32l432xx.o
    0x200004e8        -       0x00000400   Zero   RW            1    STACK               startup_stm32l432xx.o


==============================================================================

Image component sizes


      Code (inc. data)   RO Data    RW Data    ZI Data      Debug   Object Name

      1088        106          0         12        616     700201   main.o
        64         26        396          0       1536        872   startup_stm32l432xx.o
       162         24          0         12          0      11813   stm32l4xx_hal.o
      2564        106          0          0          0      65520   stm32l4xx_hal_adc.o
       154          4          0          0          0      55343   stm32l4xx_hal_adc_ex.o
       198         14          0          0          0      34007   stm32l4xx_hal_cortex.o
       152          0          0          0          0       1871   stm32l4xx_hal_dma.o
       524         20          0          0          0       2352   stm32l4xx_hal_gpio.o
       628         42          0          0          0       4128   stm32l4xx_hal_msp.o
        16          4          0          0          0        575   stm32l4xx_hal_pwr.o
       120         20          0          0          0       1426   stm32l4xx_hal_pwr_ex.o
      2060         98          0          0          0       7184   stm32l4xx_hal_rcc.o
       966         36          0          0          0       3561   stm32l4xx_hal_rcc_ex.o
      2276        150          0          0          0      19743   stm32l4xx_hal_tim.o
       114         10          0          0          0       3244   stm32l4xx_hal_tim_ex.o
      2594         70          0          0          0      15173   stm32l4xx_hal_uart.o
         2          0          0          0          0       1072   stm32l4xx_hal_uart_ex.o
        68         24          0          0          0       6410   stm32l4xx_it.o
        16          4         72          4          0       1269   system_stm32l4xx.o

    ----------------------------------------------------------------------
     13798        758        500         28       2152     935764   Object Totals
         0          0         32          0          0          0   (incl. Generated)
        32          0          0          0          0          0   (incl. Padding)

    ----------------------------------------------------------------------

      Code (inc. data)   RO Data    RW Data    ZI Data      Debug   Library Member Name

         8          0          0          0          0         68   __main.o
       318          4         17          0          0         92   __printf_flags_wp.o
        14          0          0          0          0         68   __printf_wp.o
         0          0          0          0          0          0   __rtentry.o
        12          0          0          0          0          0   __rtentry2.o
         6          0          0          0          0          0   __rtentry4.o
        52          8          0          0          0          0   __scatter.o
        26          0          0          0          0          0   __scatter_copy.o
        28          0          0          0          0          0   __scatter_zi.o
        48          6          0          0          0         96   _printf_char_common.o
         6          0          0          0          0          0   _printf_f.o
      1060          0          0          0          0        216   _printf_fp_dec.o
       128         16          0          0          0         84   _printf_fp_infnan.o
         0          0          0          0          0          0   _printf_percent.o
         4          0          0          0          0          0   _printf_percent_end.o
        10          0          0          0          0         68   _sputc.o
       228          4        148          0          0         96   bigflt0.o
      1936        128          0          0          0        672   btod.o
        18          0          0          0          0         80   exit.o
         6          0          0          0          0        152   heapauxi.o
         0          0          0          0          0          0   indicate_semi.o
        44         10         28          0          0         76   lc_numeric_c.o
         2          0          0          0          0          0   libinit.o
        22          0          0          0          0          0   libinit2.o
         2          0          0          0          0          0   libshutdown.o
         2          0          0          0          0          0   libshutdown2.o
         8          4          0          0         96         68   libspace.o
       138          0          0          0          0         80   lludiv10.o
       238          0          0          0          0        100   lludivv7m.o
        40          6          0          0          0         84   noretval__2sprintf.o
         8          4          0          0          0         68   rt_locale_intlibspace.o
        78          0          0          0          0         80   rt_memclr_w.o
         2          0          0          0          0          0   rtexit.o
        10          0          0          0          0          0   rtexit2.o
       128          0          0          0          0         68   strcmpv7m.o
        12          4          0          0          0         68   sys_exit.o
        74          0          0          0          0         80   sys_stackheap_outer.o
         2          0          0          0          0         68   use_no_semi.o
        12          0          0          0          0        116   dretinf.o
        86          4          0          0          0        132   f2d.o
       140          4          0          0          0        132   fnaninf.o
        10          0          0          0          0        116   fpinit.o
         4          0          0          0          0        116   printf1.o
         0          0          0          0          0          0   usenofp.o
        48          0          0          0          0        124   fpclassify.o

    ----------------------------------------------------------------------
      5030        202        196          0        100       3268   Library Totals
        12          0          3          0          4          0   (incl. Padding)

    ----------------------------------------------------------------------

      Code (inc. data)   RO Data    RW Data    ZI Data      Debug   Library Name

      4718        194        193          0         96       2532   c_w.l
       252          8          0          0          0        612   fz_wm.l
        48          0          0          0          0        124   m_wm.l

    ----------------------------------------------------------------------
      5030        202        196          0        100       3268   Library Totals

    ----------------------------------------------------------------------

==============================================================================


      Code (inc. data)   RO Data    RW Data    ZI Data      Debug   

     18828        960        696         28       2252     925680   Grand Totals
     18828        960        696         28       2252     925680   ELF Image Totals
     18828        960        696         28          0          0   ROM Totals

==============================================================================

    Total RO  Size (Code + RO Data)                19524 (  19.07kB)
    Total RW  Size (RW Data + ZI Data)              2280 (   2.23kB)
    Total ROM Size (Code + RO Data + RW Data)      19552 (  19.09kB)

==============================================================================

